Component: ARM Compiler 5.06 update 6 (build 750) Tool: armlink [4d35ed]

==============================================================================

Section Cross References

    startup_stm32f429xx.o(RESET) refers to startup_stm32f429xx.o(STACK) for __initial_sp
    startup_stm32f429xx.o(RESET) refers to startup_stm32f429xx.o(.text) for Reset_Handler
    startup_stm32f429xx.o(RESET) refers to stm32f4xx_it.o(i.NMI_Handler) for NMI_Handler
    startup_stm32f429xx.o(RESET) refers to stm32f4xx_it.o(i.HardFault_Handler) for HardFault_Handler
    startup_stm32f429xx.o(RESET) refers to stm32f4xx_it.o(i.MemManage_Handler) for MemManage_Handler
    startup_stm32f429xx.o(RESET) refers to stm32f4xx_it.o(i.BusFault_Handler) for BusFault_Handler
    startup_stm32f429xx.o(RESET) refers to stm32f4xx_it.o(i.UsageFault_Handler) for UsageFault_Handler
    startup_stm32f429xx.o(RESET) refers to port.o(.emb_text) for SVC_Handler
    startup_stm32f429xx.o(RESET) refers to stm32f4xx_it.o(i.DebugMon_Handler) for DebugMon_Handler
    startup_stm32f429xx.o(RESET) refers to port.o(i.SysTick_Handler) for SysTick_Handler
    startup_stm32f429xx.o(RESET) refers to stm32f4xx_it.o(i.DMA1_Stream1_IRQHandler) for DMA1_Stream1_IRQHandler
    startup_stm32f429xx.o(RESET) refers to stm32f4xx_it.o(i.DMA1_Stream3_IRQHandler) for DMA1_Stream3_IRQHandler
    startup_stm32f429xx.o(RESET) refers to stm32f4xx_it.o(i.DMA1_Stream5_IRQHandler) for DMA1_Stream5_IRQHandler
    startup_stm32f429xx.o(RESET) refers to stm32f4xx_it.o(i.DMA1_Stream6_IRQHandler) for DMA1_Stream6_IRQHandler
    startup_stm32f429xx.o(RESET) refers to stm32f4xx_it.o(i.CAN1_RX0_IRQHandler) for CAN1_RX0_IRQHandler
    startup_stm32f429xx.o(RESET) refers to stm32f4xx_it.o(i.EXTI9_5_IRQHandler) for EXTI9_5_IRQHandler
    startup_stm32f429xx.o(RESET) refers to stm32f4xx_it.o(i.TIM2_IRQHandler) for TIM2_IRQHandler
    startup_stm32f429xx.o(RESET) refers to stm32f4xx_it.o(i.USART1_IRQHandler) for USART1_IRQHandler
    startup_stm32f429xx.o(RESET) refers to stm32f4xx_it.o(i.USART2_IRQHandler) for USART2_IRQHandler
    startup_stm32f429xx.o(RESET) refers to stm32f4xx_it.o(i.USART3_IRQHandler) for USART3_IRQHandler
    startup_stm32f429xx.o(RESET) refers to stm32f4xx_it.o(i.TIM6_DAC_IRQHandler) for TIM6_DAC_IRQHandler
    startup_stm32f429xx.o(RESET) refers to stm32f4xx_it.o(i.TIM7_IRQHandler) for TIM7_IRQHandler
    startup_stm32f429xx.o(RESET) refers to stm32f4xx_it.o(i.DMA2_Stream2_IRQHandler) for DMA2_Stream2_IRQHandler
    startup_stm32f429xx.o(RESET) refers to stm32f4xx_it.o(i.CAN2_RX0_IRQHandler) for CAN2_RX0_IRQHandler
    startup_stm32f429xx.o(RESET) refers to stm32f4xx_it.o(i.UART7_IRQHandler) for UART7_IRQHandler
    startup_stm32f429xx.o(RESET) refers to stm32f4xx_it.o(i.UART8_IRQHandler) for UART8_IRQHandler
    startup_stm32f429xx.o(.text) refers to system_stm32f4xx.o(i.SystemInit) for SystemInit
    startup_stm32f429xx.o(.text) refers to entry.o(.ARM.Collect$$$$00000000) for __main
    main.o(i.HAL_TIM_PeriodElapsedCallback) refers to stm32f4xx_hal.o(i.HAL_IncTick) for HAL_IncTick
    main.o(i.MX_CAN1_Init) refers to stm32f4xx_hal_can.o(i.HAL_CAN_Init) for HAL_CAN_Init
    main.o(i.MX_CAN1_Init) refers to main.o(i.Error_Handler) for Error_Handler
    main.o(i.MX_CAN1_Init) refers to main.o(.bss) for hcan1
    main.o(i.MX_CAN2_Init) refers to stm32f4xx_hal_can.o(i.HAL_CAN_Init) for HAL_CAN_Init
    main.o(i.MX_CAN2_Init) refers to main.o(i.Error_Handler) for Error_Handler
    main.o(i.MX_CAN2_Init) refers to main.o(.bss) for hcan2
    main.o(i.MX_DMA_Init) refers to stm32f4xx_hal_cortex.o(i.HAL_NVIC_SetPriority) for HAL_NVIC_SetPriority
    main.o(i.MX_DMA_Init) refers to stm32f4xx_hal_cortex.o(i.HAL_NVIC_EnableIRQ) for HAL_NVIC_EnableIRQ
    main.o(i.MX_GPIO_Init) refers to memseta.o(.text) for __aeabi_memclr4
    main.o(i.MX_GPIO_Init) refers to stm32f4xx_hal_gpio.o(i.HAL_GPIO_WritePin) for HAL_GPIO_WritePin
    main.o(i.MX_GPIO_Init) refers to stm32f4xx_hal_gpio.o(i.HAL_GPIO_Init) for HAL_GPIO_Init
    main.o(i.MX_GPIO_Init) refers to stm32f4xx_hal_cortex.o(i.HAL_NVIC_SetPriority) for HAL_NVIC_SetPriority
    main.o(i.MX_GPIO_Init) refers to stm32f4xx_hal_cortex.o(i.HAL_NVIC_EnableIRQ) for HAL_NVIC_EnableIRQ
    main.o(i.MX_TIM12_Init) refers to memseta.o(.text) for __aeabi_memclr4
    main.o(i.MX_TIM12_Init) refers to stm32f4xx_hal_tim.o(i.HAL_TIM_Base_Init) for HAL_TIM_Base_Init
    main.o(i.MX_TIM12_Init) refers to main.o(i.Error_Handler) for Error_Handler
    main.o(i.MX_TIM12_Init) refers to stm32f4xx_hal_tim.o(i.HAL_TIM_ConfigClockSource) for HAL_TIM_ConfigClockSource
    main.o(i.MX_TIM12_Init) refers to stm32f4xx_hal_tim.o(i.HAL_TIM_PWM_Init) for HAL_TIM_PWM_Init
    main.o(i.MX_TIM12_Init) refers to stm32f4xx_hal_tim.o(i.HAL_TIM_PWM_ConfigChannel) for HAL_TIM_PWM_ConfigChannel
    main.o(i.MX_TIM12_Init) refers to stm32f4xx_hal_msp.o(i.HAL_TIM_MspPostInit) for HAL_TIM_MspPostInit
    main.o(i.MX_TIM12_Init) refers to main.o(.bss) for htim12
[...]
    HASH_RNG_IRQHandler                      0x0800029b   Thumb Code     0  startup_stm32f429xx.o(.text)
    I2C1_ER_IRQHandler                       0x0800029b   Thumb Code     0  startup_stm32f429xx.o(.text)
    I2C1_EV_IRQHandler                       0x0800029b   Thumb Code     0  startup_stm32f429xx.o(.text)
    I2C2_ER_IRQHandler                       0x0800029b   Thumb Code     0  startup_stm32f429xx.o(.text)
    I2C2_EV_IRQHandler                       0x0800029b   Thumb Code     0  startup_stm32f429xx.o(.text)
    I2C3_ER_IRQHandler                       0x0800029b   Thumb Code     0  startup_stm32f429xx.o(.text)
    I2C3_EV_IRQHandler                       0x0800029b   Thumb Code     0  startup_stm32f429xx.o(.text)
    LTDC_ER_IRQHandler                       0x0800029b   Thumb Code     0  startup_stm32f429xx.o(.text)
    LTDC_IRQHandler                          0x0800029b   Thumb Code     0  startup_stm32f429xx.o(.text)
    OTG_FS_IRQHandler                        0x0800029b   Thumb Code     0  startup_stm32f429xx.o(.text)
    OTG_FS_WKUP_IRQHandler                   0x0800029b   Thumb Code     0  startup_stm32f429xx.o(.text)
    OTG_HS_EP1_IN_IRQHandler                 0x0800029b   Thumb Code     0  startup_stm32f429xx.o(.text)
    OTG_HS_EP1_OUT_IRQHandler                0x0800029b   Thumb Code     0  startup_stm32f429xx.o(.text)
    OTG_HS_IRQHandler                        0x0800029b   Thumb Code     0  startup_stm32f429xx.o(.text)
    OTG_HS_WKUP_IRQHandler                   0x0800029b   Thumb Code     0  startup_stm32f429xx.o(.text)
    PVD_IRQHandler                           0x0800029b   Thumb Code     0  startup_stm32f429xx.o(.text)
    RCC_IRQHandler                           0x0800029b   Thumb Code     0  startup_stm32f429xx.o(.text)
    RTC_Alarm_IRQHandler                     0x0800029b   Thumb Code     0  startup_stm32f429xx.o(.text)
    RTC_WKUP_IRQHandler                      0x0800029b   Thumb Code     0  startup_stm32f429xx.o(.text)
    SAI1_IRQHandler                          0x0800029b   Thumb Code     0  startup_stm32f429xx.o(.text)
    SDIO_IRQHandler                          0x0800029b   Thumb Code     0  startup_stm32f429xx.o(.text)
    SPI1_IRQHandler                          0x0800029b   Thumb Code     0  startup_stm32f429xx.o(.text)
    SPI2_IRQHandler                          0x0800029b   Thumb Code     0  startup_stm32f429xx.o(.text)
    SPI3_IRQHandler                          0x0800029b   Thumb Code     0  startup_stm32f429xx.o(.text)
    SPI4_IRQHandler                          0x0800029b   Thumb Code     0  startup_stm32f429xx.o(.text)
    SPI5_IRQHandler                          0x0800029b   Thumb Code     0  startup_stm32f429xx.o(.text)
    SPI6_IRQHandler                          0x0800029b   Thumb Code     0  startup_stm32f429xx.o(.text)
    TAMP_STAMP_IRQHandler                    0x0800029b   Thumb Code     0  startup_stm32f429xx.o(.text)
    TIM1_BRK_TIM9_IRQHandler                 0x0800029b   Thumb Code     0  startup_stm32f429xx.o(.text)
    TIM1_CC_IRQHandler                       0x0800029b   Thumb Code     0  startup_stm32f429xx.o(.text)
    TIM1_TRG_COM_TIM11_IRQHandler            0x0800029b   Thumb Code     0  startup_stm32f429xx.o(.text)
    TIM1_UP_TIM10_IRQHandler                 0x0800029b   Thumb Code     0  startup_stm32f429xx.o(.text)
    TIM3_IRQHandler                          0x0800029b   Thumb Code     0  startup_stm32f429xx.o(.text)
    TIM4_IRQHandler                          0x0800029b   Thumb Code     0  startup_stm32f429xx.o(.text)
    TIM5_IRQHandler                          0x0800029b   Thumb Code     0  startup_stm32f429xx.o(.text)
    TIM8_BRK_TIM12_IRQHandler                0x0800029b   Thumb Code     0  startup_stm32f429xx.o(.text)
    TIM8_CC_IRQHandler                       0x0800029b   Thumb Code     0  startup_stm32f429xx.o(.text)
    TIM8_TRG_COM_TIM14_IRQHandler            0x0800029b   Thumb Code     0  startup_stm32f429xx.o(.text)
    TIM8_UP_TIM13_IRQHandler                 0x0800029b   Thumb Code     0  startup_stm32f429xx.o(.text)
    UART4_IRQHandler                         0x0800029b   Thumb Code     0  startup_stm32f429xx.o(.text)
    UART5_IRQHandler                         0x0800029b   Thumb Code     0  startup_stm32f429xx.o(.text)
    USART6_IRQHandler                        0x0800029b   Thumb Code     0  startup_stm32f429xx.o(.text)
    WWDG_IRQHandler                          0x0800029b   Thumb Code     0  startup_stm32f429xx.o(.text)
    __aeabi_uldivmod                         0x080002a5   Thumb Code    98  uldiv.o(.text)
    __aeabi_memcpy                           0x08000307   Thumb Code    36  memcpya.o(.text)
    __aeabi_memcpy4                          0x08000307   Thumb Code     0  memcpya.o(.text)
    __aeabi_memcpy8                          0x08000307   Thumb Code     0  memcpya.o(.text)
    __aeabi_memset                           0x0800032b   Thumb Code    14  memseta.o(.text)
    __aeabi_memset4                          0x0800032b   Thumb Code     0  memseta.o(.text)
    __aeabi_memset8                          0x0800032b   Thumb Code     0  memseta.o(.text)
    __aeabi_memclr                           0x08000339   Thumb Code     4  memseta.o(.text)
    __aeabi_memclr4                          0x08000339   Thumb Code     0  memseta.o(.text)
    __aeabi_memclr8                          0x08000339   Thumb Code     0  memseta.o(.text)
    memset                                   0x0800033d   Thumb Code    18  memseta.o(.text)
    __aeabi_dadd                             0x0800034f   Thumb Code   322  dadd.o(.text)
    __aeabi_dsub                             0x08000491   Thumb Code     6  dadd.o(.text)
    __aeabi_drsub                            0x08000497   Thumb Code     6  dadd.o(.text)
    __aeabi_dmul                             0x0800049d   Thumb Code   228  dmul.o(.text)
    __aeabi_ddiv                             0x08000581   Thumb Code   222  ddiv.o(.text)
    __aeabi_i2d                              0x0800065f   Thumb Code    34  dflti.o(.text)
    __aeabi_ui2d                             0x08000681   Thumb Code    26  dfltui.o(.text)
    __aeabi_d2iz                             0x0800069b   Thumb Code    62  dfixi.o(.text)
    __aeabi_f2d                              0x080006d9   Thumb Code    38  f2d.o(.text)
    __aeabi_d2f                              0x080006ff   Thumb Code    56  d2f.o(.text)
    __aeabi_uidiv                            0x08000737   Thumb Code     0  uidiv.o(.text)
    __aeabi_uidivmod                         0x08000737   Thumb Code    44  uidiv.o(.text)
    __aeabi_llsl                             0x08000763   Thumb Code    30  llshl.o(.text)
    _ll_shift_l                              0x08000763   Thumb Code     0  llshl.o(.text)
    __aeabi_llsr                             0x08000781   Thumb Code    32  llushr.o(.text)
    _ll_ushift_r                             0x08000781   Thumb Code     0  llushr.o(.text)
    __aeabi_lasr                             0x080007a1   Thumb Code    36  llsshr.o(.text)
    _ll_sshift_r                             0x080007a1   Thumb Code     0  llsshr.o(.text)
    __I$use$fp                               0x080007c5   Thumb Code     0  iusefp.o(.text)
    _float_round                             0x080007c5   Thumb Code    18  fepilogue.o(.text)
    _float_epilogue                          0x080007d7   Thumb Code    92  fepilogue.o(.text)
    _double_round                            0x08000833   Thumb Code    30  depilogue.o(.text)
    _double_epilogue                         0x08000851   Thumb Code   156  depilogue.o(.text)
    __ARM_scalbn                             0x080008ed   Thumb Code    46  dscalb.o(.text)
    scalbn                                   0x080008ed   Thumb Code     0  dscalb.o(.text)
    _dsqrt                                   0x0800091b   Thumb Code   162  dsqrt.o(.text)
    __aeabi_d2ulz                            0x080009bd   Thumb Code    48  dfixul.o(.text)
    __aeabi_cdrcmple                         0x080009ed   Thumb Code    48  cdrcmple.o(.text)
    __scatterload                            0x08000a1d   Thumb Code    28  init.o(.text)
    __scatterload_rt2                        0x08000a1d   Thumb Code     0  init.o(.text)
    __decompress                             0x08000a41   Thumb Code     0  __dczerorl.o(.text)
    __decompress0                            0x08000a41   Thumb Code    58  __dczerorl.o(.text)
    AllocateUsartxSpace                      0x08000a7d   Thumb Code   200  bsp_usart.o(i.AllocateUsartxSpace)
    BusFault_Handler                         0x08000b75   Thumb Code     4  stm32f4xx_it.o(i.BusFault_Handler)
    CAN1_RX0_IRQHandler                      0x08000b79   Thumb Code    10  stm32f4xx_it.o(i.CAN1_RX0_IRQHandler)
    CAN2_RX0_IRQHandler                      0x08000b89   Thumb Code    10  stm32f4xx_it.o(i.CAN2_RX0_IRQHandler)
    ConfirmTheLaunch                         0x08000b99   Thumb Code    52  gimbalse.o(i.ConfirmTheLaunch)
    DJIDbusInit                              0x08000bd5   Thumb Code   106  dji_dbus.o(i.DJIDbusInit)
    DMA1_Stream1_IRQHandler                  0x08000c41   Thumb Code    10  stm32f4xx_it.o(i.DMA1_Stream1_IRQHandler)
    DMA1_Stream3_IRQHandler                  0x08000c51   Thumb Code    10  stm32f4xx_it.o(i.DMA1_Stream3_IRQHandler)
    DMA1_Stream5_IRQHandler                  0x08000c61   Thumb Code    10  stm32f4xx_it.o(i.DMA1_Stream5_IRQHandler)
    DMA1_Stream6_IRQHandler                  0x08000c71   Thumb Code    10  stm32f4xx_it.o(i.DMA1_Stream6_IRQHandler)
    DMA2_Stream2_IRQHandler                  0x08000c81   Thumb Code    10  stm32f4xx_it.o(i.DMA2_Stream2_IRQHandler)
    DXL1_setSyncTarAng                       0x08000d9b   Thumb Code   230  servo.o(i.DXL1_setSyncTarAng)
    DebugMon_Handler                         0x08000e81   Thumb Code     2  stm32f4xx_it.o(i.DebugMon_Handler)
    EXTI9_5_IRQHandler                       0x08000e83   Thumb Code    10  stm32f4xx_it.o(i.EXTI9_5_IRQHandler)
    Error_Handler                            0x08000e8d   Thumb Code     2  main.o(i.Error_Handler)
    Fps                                      0x08000e91   Thumb Code    20  fps.o(i.Fps)
    FpsCallback                              0x08000ea9   Thumb Code    50  fps.o(i.FpsCallback)
    FpsUserTimeInit                          0x08000ee5   Thumb Code    38  fps.o(i.FpsUserTimeInit)
    GetAngle                                 0x08000f15   Thumb Code    44  gimbalse.o(i.GetAngle)
    GetCanAddr                               0x08000f45   Thumb Code    34  bsp_can.o(i.GetCanAddr)
    GetDistance                              0x08000f79   Thumb Code    26  gimbalse.o(i.GetDistance)
    GetRcStructAddr                          0x08000f95   Thumb Code     4  parse.o(i.GetRcStructAddr)
    GetUsartAddr                             0x08000f9d   Thumb Code    90  bsp_usart.o(i.GetUsartAddr)
    GimbalControl                            0x08001029   Thumb Code  1602  gimbalse.o(i.GimbalControl)
    GimbalInitl                              0x080016cd   Thumb Code    36  gimbalse.o(i.GimbalInitl)
    HAL_CAN_ErrorCallback                    0x080016fd   Thumb Code     2  stm32f4xx_hal_can.o(i.HAL_CAN_ErrorCallback)
    HAL_CAN_GetRxMessage                     0x080016ff   Thumb Code   380  stm32f4xx_hal_can.o(i.HAL_CAN_GetRxMessage)
    HAL_CAN_IRQHandler                       0x0800187b   Thumb Code   590  stm32f4xx_hal_can.o(i.HAL_CAN_IRQHandler)
    HAL_CAN_Init                             0x08001ac9   Thumb Code   372  stm32f4xx_hal_can.o(i.HAL_CAN_Init)
    HAL_CAN_MspInit                          0x08001c3d   Thumb Code   330  stm32f4xx_hal_msp.o(i.HAL_CAN_MspInit)
    HAL_CAN_RxFifo0FullCallback              0x08001da1   Thumb Code     2  stm32f4xx_hal_can.o(i.HAL_CAN_RxFifo0FullCallback)
    HAL_CAN_RxFifo0MsgPendingCallback        0x08001da5   Thumb Code    66  bsp_can.o(i.HAL_CAN_RxFifo0MsgPendingCallback)
    HAL_CAN_RxFifo1FullCallback              0x08001df1   Thumb Code     2  stm32f4xx_hal_can.o(i.HAL_CAN_RxFifo1FullCallback)
    HAL_CAN_RxFifo1MsgPendingCallback        0x08001df3   Thumb Code     2  stm32f4xx_hal_can.o(i.HAL_CAN_RxFifo1MsgPendingCallback)
    HAL_CAN_SleepCallback                    0x08001df5   Thumb Code     2  stm32f4xx_hal_can.o(i.HAL_CAN_SleepCallback)
    HAL_CAN_TxMailbox0AbortCallback          0x08001df7   Thumb Code     2  stm32f4xx_hal_can.o(i.HAL_CAN_TxMailbox0AbortCallback)
    HAL_CAN_TxMailbox0CompleteCallback       0x08001df9   Thumb Code     2  stm32f4xx_hal_can.o(i.HAL_CAN_TxMailbox0CompleteCallback)
    HAL_CAN_TxMailbox1AbortCallback          0x08001dfb   Thumb Code     2  stm32f4xx_hal_can.o(i.HAL_CAN_TxMailbox1AbortCallback)
    HAL_CAN_TxMailbox1CompleteCallback       0x08001dfd   Thumb Code     2  stm32f4xx_hal_can.o(i.HAL_CAN_TxMailbox1CompleteCallback)
    HAL_CAN_TxMailbox2AbortCallback          0x08001dff   Thumb Code     2  stm32f4xx_hal_can.o(i.HAL_CAN_TxMailbox2AbortCallback)
    HAL_CAN_TxMailbox2CompleteCallback       0x08001e01   Thumb Code     2  stm32f4xx_hal_can.o(i.HAL_CAN_TxMailbox2CompleteCallback)
    HAL_CAN_WakeUpFromRxMsgCallback          0x08001e03   Thumb Code     2  stm32f4xx_hal_can.o(i.HAL_CAN_WakeUpFromRxMsgCallback)
    HAL_DMA_Abort                            0x08001e05   Thumb Code   170  stm32f4xx_hal_dma.o(i.HAL_DMA_Abort)
    HAL_DMA_Abort_IT                         0x08001eaf   Thumb Code    40  stm32f4xx_hal_dma.o(i.HAL_DMA_Abort_IT)
    HAL_DMA_IRQHandler                       0x08001ed9   Thumb Code   570  stm32f4xx_hal_dma.o(i.HAL_DMA_IRQHandler)
    HAL_DMA_Init                             0x08002119   Thumb Code   232  stm32f4xx_hal_dma.o(i.HAL_DMA_Init)
    HAL_DMA_Start_IT                         0x08002205   Thumb Code   158  stm32f4xx_hal_dma.o(i.HAL_DMA_Start_IT)
    HAL_GPIO_EXTI_Callback                   0x080022a5   Thumb Code    60  enconder.o(i.HAL_GPIO_EXTI_Callback)
    HAL_GPIO_EXTI_IRQHandler                 0x080022ed   Thumb Code    24  stm32f4xx_hal_gpio.o(i.HAL_GPIO_EXTI_IRQHandler)
    HAL_GPIO_Init                            0x08002309   Thumb Code   486  stm32f4xx_hal_gpio.o(i.HAL_GPIO_Init)
    HAL_GPIO_WritePin                        0x08002525   Thumb Code    12  stm32f4xx_hal_gpio.o(i.HAL_GPIO_WritePin)
    HAL_GetTick                              0x08002531   Thumb Code     6  stm32f4xx_hal.o(i.HAL_GetTick)
    HAL_IncTick                              0x0800253d   Thumb Code    16  stm32f4xx_hal.o(i.HAL_IncTick)
    HAL_Init                                 0x08002555   Thumb Code    54  stm32f4xx_hal.o(i.HAL_Init)
    HAL_InitTick                             0x08002591   Thumb Code   122  stm32f4xx_hal_timebase_tim.o(i.HAL_InitTick)
    HAL_MspInit                              0x0800261d   Thumb Code    78  stm32f4xx_hal_msp.o(i.HAL_MspInit)
    HAL_NVIC_EnableIRQ                       0x08002671   Thumb Code    32  stm32f4xx_hal_cortex.o(i.HAL_NVIC_EnableIRQ)
    HAL_NVIC_SetPriority                     0x08002691   Thumb Code   124  stm32f4xx_hal_cortex.o(i.HAL_NVIC_SetPriority)
    HAL_NVIC_SetPriorityGrouping             0x0800270d   Thumb Code    32  stm32f4xx_hal_cortex.o(i.HAL_NVIC_SetPriorityGrouping)
    HAL_PWREx_EnableOverDrive                0x08002735   Thumb Code   128  stm32f4xx_hal_pwr_ex.o(i.HAL_PWREx_EnableOverDrive)
    HAL_RCC_ClockConfig                      0x080027c1   Thumb Code   366  stm32f4xx_hal_rcc.o(i.HAL_RCC_ClockConfig)
    HAL_RCC_GetClockConfig                   0x08002941   Thumb Code    58  stm32f4xx_hal_rcc.o(i.HAL_RCC_GetClockConfig)
    HAL_RCC_GetHCLKFreq                      0x08002985   Thumb Code     6  stm32f4xx_hal_rcc.o(i.HAL_RCC_GetHCLKFreq)
    HAL_RCC_GetPCLK1Freq                     0x08002991   Thumb Code    22  stm32f4xx_hal_rcc.o(i.HAL_RCC_GetPCLK1Freq)
    HAL_RCC_GetPCLK2Freq                     0x080029b1   Thumb Code    22  stm32f4xx_hal_rcc.o(i.HAL_RCC_GetPCLK2Freq)
    HAL_RCC_GetSysClockFreq                  0x080029d1   Thumb Code   162  stm32f4xx_hal_rcc.o(i.HAL_RCC_GetSysClockFreq)
    HAL_RCC_OscConfig                        0x08002a81   Thumb Code  1086  stm32f4xx_hal_rcc.o(i.HAL_RCC_OscConfig)
    HAL_TIMEx_BreakCallback                  0x08002ec9   Thumb Code     2  stm32f4xx_hal_tim_ex.o(i.HAL_TIMEx_BreakCallback)
    HAL_TIMEx_CommutCallback                 0x08002ecb   Thumb Code     2  stm32f4xx_hal_tim_ex.o(i.HAL_TIMEx_CommutCallback)
    HAL_TIMEx_ConfigBreakDeadTime            0x08002ecd   Thumb Code   116  stm32f4xx_hal_tim_ex.o(i.HAL_TIMEx_ConfigBreakDeadTime)
    HAL_TIMEx_MasterConfigSynchronization    0x08002f41   Thumb Code    84  stm32f4xx_hal_tim_ex.o(i.HAL_TIMEx_MasterConfigSynchronization)
    HAL_TIM_Base_Init                        0x08002f95   Thumb Code    52  stm32f4xx_hal_tim.o(i.HAL_TIM_Base_Init)
    HAL_TIM_Base_MspInit                     0x08002fc9   Thumb Code   236  stm32f4xx_hal_msp.o(i.HAL_TIM_Base_MspInit)
    HAL_TIM_Base_Start_IT                    0x080030c5   Thumb Code    42  stm32f4xx_hal_tim.o(i.HAL_TIM_Base_Start_IT)
    HAL_TIM_ConfigClockSource                0x080030ef   Thumb Code   264  stm32f4xx_hal_tim.o(i.HAL_TIM_ConfigClockSource)
    HAL_TIM_Encoder_Init                     0x080031f7   Thumb Code   174  stm32f4xx_hal_tim.o(i.HAL_TIM_Encoder_Init)
    HAL_TIM_Encoder_MspInit                  0x080032a5   Thumb Code   122  stm32f4xx_hal_msp.o(i.HAL_TIM_Encoder_MspInit)
    HAL_TIM_IC_CaptureCallback               0x0800332d   Thumb Code   578  ultrasonic.o(i.HAL_TIM_IC_CaptureCallback)
    HAL_TIM_IC_ConfigChannel                 0x080035ad   Thumb Code   224  stm32f4xx_hal_tim.o(i.HAL_TIM_IC_ConfigChannel)
    HAL_TIM_IC_Init                          0x0800368d   Thumb Code    52  stm32f4xx_hal_tim.o(i.HAL_TIM_IC_Init)
    HAL_TIM_IC_MspInit                       0x080036c1   Thumb Code     2  stm32f4xx_hal_tim.o(i.HAL_TIM_IC_MspInit)
    HAL_TIM_IC_Start_IT                      0x080036c3   Thumb Code   120  stm32f4xx_hal_tim.o(i.HAL_TIM_IC_Start_IT)
    HAL_TIM_IRQHandler                       0x0800373b   Thumb Code   406  stm32f4xx_hal_tim.o(i.HAL_TIM_IRQHandler)
    HAL_TIM_MspPostInit                      0x080038d1   Thumb Code   154  stm32f4xx_hal_msp.o(i.HAL_TIM_MspPostInit)
    HAL_TIM_OC_DelayElapsedCallback          0x08003981   Thumb Code     2  stm32f4xx_hal_tim.o(i.HAL_TIM_OC_DelayElapsedCallback)
    HAL_TIM_PWM_ConfigChannel                0x08003983   Thumb Code   264  stm32f4xx_hal_tim.o(i.HAL_TIM_PWM_ConfigChannel)
    HAL_TIM_PWM_Init                         0x08003a8b   Thumb Code    52  stm32f4xx_hal_tim.o(i.HAL_TIM_PWM_Init)
    HAL_TIM_PWM_MspInit                      0x08003ac1   Thumb Code    44  stm32f4xx_hal_msp.o(i.HAL_TIM_PWM_MspInit)
    HAL_TIM_PWM_PulseFinishedCallback        0x08003af5   Thumb Code     2  stm32f4xx_hal_tim.o(i.HAL_TIM_PWM_PulseFinishedCallback)
    HAL_TIM_PeriodElapsedCallback            0x08003af9   Thumb Code    18  main.o(i.HAL_TIM_PeriodElapsedCallback)
    HAL_TIM_ReadCapturedValue                0x08003b11   Thumb Code    50  stm32f4xx_hal_tim.o(i.HAL_TIM_ReadCapturedValue)
    HAL_TIM_TriggerCallback                  0x08003b43   Thumb Code     2  stm32f4xx_hal_tim.o(i.HAL_TIM_TriggerCallback)
    HAL_UART_DMAStop                         0x08003b45   Thumb Code   102  stm32f4xx_hal_uart.o(i.HAL_UART_DMAStop)
    HAL_UART_ErrorCallback                   0x08003bab   Thumb Code     2  stm32f4xx_hal_uart.o(i.HAL_UART_ErrorCallback)
    HAL_UART_IRQHandler                      0x08003bad   Thumb Code   328  stm32f4xx_hal_uart.o(i.HAL_UART_IRQHandler)
    HAL_UART_Init                            0x08003cf9   Thumb Code   114  stm32f4xx_hal_uart.o(i.HAL_UART_Init)
    HAL_UART_MspInit                         0x08003d6d   Thumb Code   928  stm32f4xx_hal_msp.o(i.HAL_UART_MspInit)
    HAL_UART_Receive_DMA                     0x0800414d   Thumb Code   182  stm32f4xx_hal_uart.o(i.HAL_UART_Receive_DMA)
    HAL_UART_RxCpltCallback                  0x08004211   Thumb Code     2  stm32f4xx_hal_uart.o(i.HAL_UART_RxCpltCallback)
    HAL_UART_RxHalfCpltCallback              0x08004213   Thumb Code     2  stm32f4xx_hal_uart.o(i.HAL_UART_RxHalfCpltCallback)
    HAL_UART_Transmit                        0x08004215   Thumb Code   214  stm32f4xx_hal_uart.o(i.HAL_UART_Transmit)
    HAL_UART_TxCpltCallback                  0x080042eb   Thumb Code     2  stm32f4xx_hal_uart.o(i.HAL_UART_TxCpltCallback)
    HardFault_Handler                        0x080042ed   Thumb Code     4  stm32f4xx_it.o(i.HardFault_Handler)
    HmiUsartInit                             0x080042f1   Thumb Code    74  hmi_usart.o(i.HmiUsartInit)
    HmiUsartParseData                        0x08004345   Thumb Code   636  hmi_usart.o(i.HmiUsartParseData)
    Loading                                  0x080045d1   Thumb Code    76  gimbalse.o(i.Loading)
    MemManage_Handler                        0x08004cb9   Thumb Code     4  stm32f4xx_it.o(i.MemManage_Handler)
    NMI_Handler                              0x08004cbd   Thumb Code     2  stm32f4xx_it.o(i.NMI_Handler)
    NoLenRXforUsart                          0x08004cbf   Thumb Code   122  bsp_usart.o(i.NoLenRXforUsart)
    OpenmvToAngle                            0x08004d39   Thumb Code    18  gimbalse.o(i.OpenmvToAngle)
    ParseData                                0x08004d4d   Thumb Code    16  parse.o(i.ParseData)
    ParseInit                                0x08004d65   Thumb Code    32  parse.o(i.ParseInit)
    PcDataRxInit                             0x08004d99   Thumb Code    72  pc_data.o(i.PcDataRxInit)
    Pc_ParseData                             0x08004ded   Thumb Code   240  pc_data.o(i.Pc_ParseData)
    ProgressBarLed                           0x08004ee5   Thumb Code    68  leds_tip.o(i.ProgressBarLed)
    SetFpsAddress                            0x08004f29   Thumb Code    38  fps.o(i.SetFpsAddress)
    SetReal                                  0x08004f55   Thumb Code   440  gimbalse.o(i.SetReal)
    StartDefaultTask                         0x0800515d   Thumb Code    10  main.o(i.StartDefaultTask)
    StartGimbalTask                          0x08005167   Thumb Code    28  sys_task.o(i.StartGimbalTask)
    StartParseTask                           0x08005183   Thumb Code    18  sys_task.o(i.StartParseTask)
    StartSysInitTask                         0x08005195   Thumb Code    98  sys_task.o(i.StartSysInitTask)
    SysInit                                  0x08005211   Thumb Code     8  user.o(i.SysInit)
    SysInitCreate                            0x08005219   Thumb Code    34  sys_task.o(i.SysInitCreate)
    SysTick_Handler                          0x08005245   Thumb Code    46  port.o(i.SysTick_Handler)
    SystemClock_Config                       0x08005279   Thumb Code   180  main.o(i.SystemClock_Config)
    SystemInit                               0x08005335   Thumb Code    82  system_stm32f4xx.o(i.SystemInit)
    TIM2_IRQHandler                          0x08005399   Thumb Code    10  stm32f4xx_it.o(i.TIM2_IRQHandler)
    TIM6_DAC_IRQHandler                      0x080053a9   Thumb Code    10  stm32f4xx_it.o(i.TIM6_DAC_IRQHandler)
    TIM7_IRQHandler                          0x080053b9   Thumb Code    10  stm32f4xx_it.o(i.TIM7_IRQHandler)
    TIM_Base_SetConfig                       0x080053c9   Thumb Code   170  stm32f4xx_hal_tim.o(i.TIM_Base_SetConfig)
    TIM_CCxChannelCmd                        0x080054a1   Thumb Code    34  stm32f4xx_hal_tim.o(i.TIM_CCxChannelCmd)
    TIM_ETR_SetConfig                        0x080054c3   Thumb Code    22  stm32f4xx_hal_tim.o(i.TIM_ETR_SetConfig)
    TIM_OC2_SetConfig                        0x0800555d   Thumb Code   114  stm32f4xx_hal_tim.o(i.TIM_OC2_SetConfig)
    TIM_TI1_SetConfig                        0x080056cd   Thumb Code   114  stm32f4xx_hal_tim.o(i.TIM_TI1_SetConfig)
    UART7_IRQHandler                         0x08005835   Thumb Code    10  stm32f4xx_it.o(i.UART7_IRQHandler)
    UART8_IRQHandler                         0x08005845   Thumb Code    10  stm32f4xx_it.o(i.UART8_IRQHandler)
    USART1_IRQHandler                        0x08005e45   Thumb Code    10  stm32f4xx_it.o(i.USART1_IRQHandler)
    USART2_IRQHandler                        0x08005e55   Thumb Code    10  stm32f4xx_it.o(i.USART2_IRQHandler)
    USART3_IRQHandler                        0x08005e65   Thumb Code    10  stm32f4xx_it.o(i.USART3_IRQHandler)
    UsageFault_Handler                       0x08005e75   Thumb Code     4  stm32f4xx_it.o(i.UsageFault_Handler)
    UsartAndDMAInit                          0x08005e79   Thumb Code   108  bsp_usart.o(i.UsartAndDMAInit)
    UsartQueueCreate                         0x08005ee5   Thumb Code    32  bsp_usart.o(i.UsartQueueCreate)
    UserUsartCallback                        0x08005f05   Thumb Code    12  bsp_usart.o(i.UserUsartCallback)
    UserUsartQueueRX                         0x08005f11   Thumb Code    40  bsp_usart.o(i.UserUsartQueueRX)
    __0printf                                0x08005f39   Thumb Code    22  printfa.o(i.__0printf)
    __1printf                                0x08005f39   Thumb Code     0  printfa.o(i.__0printf)
    __2printf                                0x08005f39   Thumb Code     0  printfa.o(i.__0printf)
    __c89printf                              0x08005f39   Thumb Code     0  printfa.o(i.__0printf)
    printf                                   0x08005f39   Thumb Code     0  printfa.o(i.__0printf)
    __ARM_fpclassify                         0x08005f59   Thumb Code    48  fpclassify.o(i.__ARM_fpclassify)
    __hardfp_pow                             0x08005fc1   Thumb Code  3072  pow.o(i.__hardfp_pow)
    __kernel_poly                            0x08006c11   Thumb Code   248  poly.o(i.__kernel_poly)
    __mathlib_dbl_divzero                    0x08006d09   Thumb Code    28  dunder.o(i.__mathlib_dbl_divzero)
    __mathlib_dbl_infnan2                    0x08006d39   Thumb Code    20  dunder.o(i.__mathlib_dbl_infnan2)
    __mathlib_dbl_invalid                    0x08006d51   Thumb Code    24  dunder.o(i.__mathlib_dbl_invalid)
    __mathlib_dbl_overflow                   0x08006d71   Thumb Code    24  dunder.o(i.__mathlib_dbl_overflow)
    __mathlib_dbl_underflow                  0x08006d91   Thumb Code    24  dunder.o(i.__mathlib_dbl_underflow)
    __scatterload_copy                       0x08006db1   Thumb Code    14  handlers.o(i.__scatterload_copy)
    __scatterload_null                       0x08006dbf   Thumb Code     2  handlers.o(i.__scatterload_null)
    __scatterload_zeroinit                   0x08006dc1   Thumb Code    14  handlers.o(i.__scatterload_zeroinit)
    __set_errno                              0x08006dd1   Thumb Code     6  errno.o(i.__set_errno)
    can2_rx                                  0x0800768f   Thumb Code     2  parse.o(i.can2_rx)
    can_rx                                   0x08007691   Thumb Code     2  parse.o(i.can_rx)
    configureTimerForRunTimeStats            0x08007695   Thumb Code     8  debug_by_keil.o(i.configureTimerForRunTimeStats)
    fabs                                     0x080076a1   Thumb Code    24  fabs.o(i.fabs)
    fputc                                    0x080076b9   Thumb Code    18  usart_debug.o(i.fputc)
    free                                     0x080076d1   Thumb Code    76  malloc.o(i.free)
    getRunTimeCounterValue                   0x08007721   Thumb Code     6  debug_by_keil.o(i.getRunTimeCounterValue)
    main                                     0x0800773d   Thumb Code   104  main.o(i.main)
    malloc                                   0x080077bd   Thumb Code    92  malloc.o(i.malloc)
    osDelay                                  0x08007829   Thumb Code    24  cmsis_os.o(i.osDelay)
    osKernelStart                            0x08007841   Thumb Code    10  cmsis_os.o(i.osKernelStart)
    osThreadCreate                           0x0800784b   Thumb Code    48  cmsis_os.o(i.osThreadCreate)
    osTimerCreate                            0x0800787d   Thumb Code    36  cmsis_os.o(i.osTimerCreate)
    osTimerStart                             0x080078a5   Thumb Code   100  cmsis_os.o(i.osTimerStart)
    pvPortMalloc                             0x08008319   Thumb Code   296  heap_4.o(i.pvPortMalloc)
    pxPortInitialiseStack                    0x08008455   Thumb Code    38  port.o(i.pxPortInitialiseStack)
    sqrt                                     0x08008481   Thumb Code   110  sqrt.o(i.sqrt)
    usart2_send_char                         0x080084ef   Thumb Code    20  usart_debug.o(i.usart2_send_char)
    uxListRemove                             0x08008503   Thumb Code    40  list.o(i.uxListRemove)
    vListInitialise                          0x0800852b   Thumb Code    26  list.o(i.vListInitialise)
    vListInitialiseItem                      0x08008545   Thumb Code     6  list.o(i.vListInitialiseItem)
    vListInsert                              0x0800854b   Thumb Code    52  list.o(i.vListInsert)
    vListInsertEnd                           0x0800857f   Thumb Code    24  list.o(i.vListInsertEnd)
    vPortEnterCritical                       0x08008599   Thumb Code    76  port.o(i.vPortEnterCritical)
    vPortExitCritical                        0x080085ed   Thumb Code    56  port.o(i.vPortExitCritical)
    vPortFree                                0x08008629   Thumb Code   140  heap_4.o(i.vPortFree)
    vPortSetupTimerInterrupt                 0x080086bd   Thumb Code    36  port.o(i.vPortSetupTimerInterrupt)
    vPortValidateInterruptPriority           0x080086e5   Thumb Code   106  port.o(i.vPortValidateInterruptPriority)
    vQueueAddToRegistry                      0x0800875d   Thumb Code    38  queue.o(i.vQueueAddToRegistry)
    vQueueWaitForMessageRestricted           0x08008789   Thumb Code    74  queue.o(i.vQueueWaitForMessageRestricted)
    vTaskDelay                               0x080087d5   Thumb Code    82  tasks.o(i.vTaskDelay)
    vTaskDelete                              0x08008831   Thumb Code   202  tasks.o(i.vTaskDelete)
    vTaskInternalSetTimeOutState             0x08008925   Thumb Code    14  tasks.o(i.vTaskInternalSetTimeOutState)
    vTaskMissedYield                         0x0800893d   Thumb Code     8  tasks.o(i.vTaskMissedYield)
    vTaskPlaceOnEventList                    0x08008949   Thumb Code    52  tasks.o(i.vTaskPlaceOnEventList)
    vTaskPlaceOnEventListRestricted          0x08008981   Thumb Code    60  tasks.o(i.vTaskPlaceOnEventListRestricted)
    vTaskResume                              0x080089c1   Thumb Code   128  tasks.o(i.vTaskResume)
    vTaskStartScheduler                      0x08008a51   Thumb Code   122  tasks.o(i.vTaskStartScheduler)
    vTaskSuspend                             0x08008ae9   Thumb Code   210  tasks.o(i.vTaskSuspend)
    vTaskSuspendAll                          0x08008bdd   Thumb Code    12  tasks.o(i.vTaskSuspendAll)
    vTaskSwitchContext                       0x08008bed   Thumb Code   172  tasks.o(i.vTaskSwitchContext)
    xPortStartScheduler                      0x08008cb5   Thumb Code   330  port.o(i.xPortStartScheduler)
    xQueueGenericCreate                      0x08008e1d   Thumb Code    88  queue.o(i.xQueueGenericCreate)
    xQueueGenericReset                       0x08008e75   Thumb Code   146  queue.o(i.xQueueGenericReset)
    xQueueGenericSend                        0x08008f0d   Thumb Code   420  queue.o(i.xQueueGenericSend)
    xQueueGenericSendFromISR                 0x080090b5   Thumb Code   248  queue.o(i.xQueueGenericSendFromISR)
    xQueueReceive                            0x080091ad   Thumb Code   356  queue.o(i.xQueueReceive)
    xTaskCheckForTimeOut                     0x08009315   Thumb Code   132  tasks.o(i.xTaskCheckForTimeOut)
    xTaskCreate                              0x080093a1   Thumb Code    96  tasks.o(i.xTaskCreate)
    xTaskGetSchedulerState                   0x08009401   Thumb Code    24  tasks.o(i.xTaskGetSchedulerState)
    xTaskGetTickCount                        0x08009421   Thumb Code     6  tasks.o(i.xTaskGetTickCount)
    xTaskIncrementTick                       0x0800942d   Thumb Code   282  tasks.o(i.xTaskIncrementTick)
    xTaskPriorityDisinherit                  0x08009575   Thumb Code   188  tasks.o(i.xTaskPriorityDisinherit)
    xTaskRemoveFromEventList                 0x0800963d   Thumb Code   128  tasks.o(i.xTaskRemoveFromEventList)
    xTaskResumeAll                           0x080096d5   Thumb Code   224  tasks.o(i.xTaskResumeAll)
    xTimerCreate                             0x080097d9   Thumb Code    48  timers.o(i.xTimerCreate)
    xTimerCreateTimerTask                    0x08009809   Thumb Code    64  timers.o(i.xTimerCreateTimerTask)
    xTimerGenericCommand                     0x0800985d   Thumb Code   126  timers.o(i.xTimerGenericCommand)
    AHBPrescTable                            0x080098fc   Data          16  system_stm32f4xx.o(.constdata)
    APBPrescTable                            0x0800990c   Data           8  system_stm32f4xx.o(.constdata)
    __mathlib_zero                           0x080099e0   Data           8  qnan.o(.constdata)
    Region$$Table$$Base                      0x08009a18   Number         0  anon$$obj.o(Region$$Table)
    Region$$Table$$Limit                     0x08009a38   Number         0  anon$$obj.o(Region$$Table)
    defaultTaskHandle                        0x20000000   Data           4  main.o(.data)
    uwTick                                   0x20000008   Data           4  stm32f4xx_hal.o(.data)
    uwTickPrio                               0x2000000c   Data           4  stm32f4xx_hal.o(.data)
    uwTickFreq                               0x20000010   Data           1  stm32f4xx_hal.o(.data)
    SystemCoreClock                          0x20000014   Data           4  system_stm32f4xx.o(.data)
    pxCurrentTCB                             0x20000018   Data           4  tasks.o(.data)
    pcan1_t                                  0x20000094   Data           4  bsp_can.o(.data)
    pcan2_t                                  0x20000098   Data           4  bsp_can.o(.data)
    pusart1_t                                0x2000009c   Data           4  bsp_usart.o(.data)
    pusart2_t                                0x200000a0   Data           4  bsp_usart.o(.data)
    pusart3_t                                0x200000a4   Data           4  bsp_usart.o(.data)
    pusart6_t                                0x200000a8   Data           4  bsp_usart.o(.data)
    pusart7_t                                0x200000ac   Data           4  bsp_usart.o(.data)
    pusart8_t                                0x200000b0   Data           4  bsp_usart.o(.data)
    exti_z                                   0x200000b4   Data           2  enconder.o(.data)
    last_temp_h                              0x200000b8   Data           4  enconder.o(.data)
    tem_fps                                  0x200000bc   Data           8  pc_data.o(.data)
    tem_fps1                                 0x200000c4   Data           8  pc_data.o(.data)
    esc                                      0x200000cc   Data           1  pc_data.o(.data)
    Channel3HighTime                         0x200000d0   Data           4  ultrasonic.o(.data)
    Channel4HighTime                         0x200000d4   Data           4  ultrasonic.o(.data)
    Channel3Period                           0x200000d8   Data           4  ultrasonic.o(.data)
    Channel4Period                           0x200000dc   Data           4  ultrasonic.o(.data)
    Channel3Edge                             0x200000e0   Data           1  ultrasonic.o(.data)
    Channel4Edge                             0x200000e1   Data           1  ultrasonic.o(.data)
    Channel3Percent                          0x200000e4   Data           4  ultrasonic.o(.data)
    Channel4Percent                          0x200000e8   Data           4  ultrasonic.o(.data)
    Channel3RisingTimeLast                   0x200000ec   Data           4  ultrasonic.o(.data)
    Channel3RisingTimeNow                    0x200000f0   Data           4  ultrasonic.o(.data)
    Channel3FallingTime                      0x200000f4   Data           4  ultrasonic.o(.data)
    Channel4RisingTimeLast                   0x200000f8   Data           4  ultrasonic.o(.data)
    Channel4RisingTimeNow                    0x200000fc   Data           4  ultrasonic.o(.data)
    Channel4FallingTime                      0x20000100   Data           4  ultrasonic.o(.data)
    fpsTimerHandle                           0x20000104   Data           4  fps.o(.data)
    ex_end                                   0x20000108   Data           1  gimbalse.o(.data)
    ex_real                                  0x2000010c   Data           8  gimbalse.o(.data)
    real_z                                   0x20000114   Data           8  gimbalse.o(.data)
    ex_distance                              0x2000011c   Data           2  gimbalse.o(.data)
    ex_angle                                 0x2000011e   Data           2  gimbalse.o(.data)
    mode                                     0x20000120   Data           4  gimbalse.o(.data)
    r_distance                               0x20000124   Data           2  gimbalse.o(.data)
    r_angle                                  0x20000128   Data           4  gimbalse.o(.data)
    angle_temp1                              0x2000012c   Data           4  gimbalse.o(.data)
    flag1                                    0x20000130   Data           2  gimbalse.o(.data)
    flag2                                    0x20000132   Data           2  gimbalse.o(.data)
    flag3                                    0x20000134   Data           2  gimbalse.o(.data)
    flag4                                    0x20000136   Data           2  gimbalse.o(.data)
    flag5                                    0x20000138   Data           2  gimbalse.o(.data)
    flag6                                    0x2000013a   Data           2  gimbalse.o(.data)
    flag7                                    0x2000013c   Data           2  gimbalse.o(.data)
    flag8                                    0x2000013e   Data           2  gimbalse.o(.data)
    flag9                                    0x20000140   Data           2  gimbalse.o(.data)
    flag17                                   0x20000142   Data           2  gimbalse.o(.data)
    angle_c                                  0x20000144   Data           4  gimbalse.o(.data)
    angle_c1                                 0x20000148   Data           4  gimbalse.o(.data)
    xxx                                      0x2000014c   Data           2  gimbalse.o(.data)
    yyy                                      0x2000014e   Data           2  gimbalse.o(.data)
    temmmm                                   0x20000150   Data           4  gimbalse.o(.data)
    saf                                      0x20000154   Data           2  gimbalse.o(.data)
    dis_temp                                 0x20000156   Data           2  gimbalse.o(.data)
    angle_temp                               0x20000158   Data           4  gimbalse.o(.data)
    angle_temp2                              0x2000015c   Data           4  gimbalse.o(.data)
    dell                                     0x20000160   Data           2  gimbalse.o(.data)
    dell1                                    0x20000162   Data           2  gimbalse.o(.data)
    dd                                       0x20000164   Data           2  gimbalse.o(.data)
    end_id_f                                 0x20000166   Data           1  gimbalse.o(.data)
    roll                                     0x20000168   Data           4  gimbalse.o(.data)
    delay1                                   0x2000016c   Data           2  gimbalse.o(.data)
    en_angle                                 0x20000170   Data           4  gimbalse.o(.data)
    fp1                                      0x20000174   Data           4  gimbalse.o(.data)
    fp2                                      0x20000178   Data           4  gimbalse.o(.data)
    s_lim                                    0x2000017c   Data           2  gimbalse.o(.data)
    P1                                       0x20000180   Data           4  gimbalse.o(.data)
    P2                                       0x20000184   Data           4  gimbalse.o(.data)
    P21                                      0x20000188   Data           4  gimbalse.o(.data)
    P22                                      0x2000018c   Data           4  gimbalse.o(.data)
    ap1                                      0x20000190   Data           4  gimbalse.o(.data)
    ap2                                      0x20000194   Data           4  gimbalse.o(.data)
    ap3                                      0x20000198   Data           4  gimbalse.o(.data)
    ap4                                      0x2000019c   Data           4  gimbalse.o(.data)
    loading_flag                             0x200001a0   Data           2  gimbalse.o(.data)
    up_load                                  0x200001a2   Data           2  gimbalse.o(.data)
    fdf                                      0x200001a4   Data           4  gimbalse.o(.data)
    buchang                                  0x200001a8   Data           4  gimbalse.o(.data)
    runtimeCounter                           0x200001ac   Data           4  debug_by_keil.o(.data)
    pdebug_t                                 0x200001b0   Data           4  debug_by_keil.o(.data)
    startDebugByKeilTaskHandle               0x200001b4   Data           4  debug_by_keil.o(.data)
    aaa                                      0x200001b8   Data           1  debug_by_keil.o(.data)
    gggfffdg                                 0x200001ba   Data           2  debug_by_keil.o(.data)
    startSysInitTaskHandle                   0x200001bc   Data           4  sys_task.o(.data)
    startParseTaskHandle                     0x200001c0   Data           4  sys_task.o(.data)
    startGimbalTaskHandle                    0x200001c4   Data           4  sys_task.o(.data)
    enble_s                                  0x200001c8   Data           1  sys_task.o(.data)
    __stdout                                 0x200001cc   Data           4  stdout.o(.data)
    __microlib_freelist                      0x200001d0   Data           4  mvars.o(.data)
    __microlib_freelist_initialised          0x200001d4   Data           4  mvars.o(.data)
    hcan1                                    0x200001dc   Data          40  main.o(.bss)
    hcan2                                    0x20000204   Data          40  main.o(.bss)
    htim1                                    0x2000022c   Data          64  main.o(.bss)
    htim2                                    0x2000026c   Data          64  main.o(.bss)
    htim3                                    0x200002ac   Data          64  main.o(.bss)
    htim7                                    0x200002ec   Data          64  main.o(.bss)
    htim12                                   0x2000032c   Data          64  main.o(.bss)
    huart7                                   0x2000036c   Data          64  main.o(.bss)
    huart8                                   0x200003ac   Data          64  main.o(.bss)
    huart1                                   0x200003ec   Data          64  main.o(.bss)
    huart2                                   0x2000042c   Data          64  main.o(.bss)
    huart3                                   0x2000046c   Data          64  main.o(.bss)
    hdma_uart7_rx                            0x200004ac   Data          96  main.o(.bss)
    hdma_uart8_rx                            0x2000050c   Data          96  main.o(.bss)
    hdma_usart1_rx                           0x2000056c   Data          96  main.o(.bss)
    hdma_usart2_rx                           0x200005cc   Data          96  main.o(.bss)
    hdma_usart3_rx                           0x2000062c   Data          96  main.o(.bss)
    htim6                                    0x2000068c   Data          64  stm32f4xx_hal_timebase_tim.o(.bss)
    xQueueRegistry                           0x200006cc   Data          64  queue.o(.bss)
    pc_databuff                              0x2000b724   Data          16  pc_data.o(.bss)
    dbus_t                                   0x2000b824   Data          52  parse.o(.bss)
    pc_t                                     0x2000b858   Data          24  parse.o(.bss)
    hmi_t                                    0x2000b870   Data          36  parse.o(.bss)
    __heap_base                              0x2000b898   Data           0  startup_stm32f429xx.o(HEAP)
    __heap_limit                             0x2000ca98   Data           0  startup_stm32f429xx.o(HEAP)
    __initial_sp                             0x2000ce98   Data           0  startup_stm32f429xx.o(STACK)



==============================================================================

Memory Map of the image

  Image Entry point : 0x080001ad

  Load Region LR_IROM1 (Base: 0x08000000, Size: 0x00009c14, Max: 0x00200000, ABSOLUTE, COMPRESSED[0x00009aa0])

    Execution Region ER_IROM1 (Exec base: 0x08000000, Load base: 0x08000000, Size: 0x00009a38, Max: 0x00200000, ABSOLUTE)

    Exec Addr    Load Addr    Size         Type   Attr      Idx    E Section Name        Object

    0x08000000   0x08000000   0x000001ac   Data   RO            3    RESET               startup_stm32f429xx.o
    0x080001ac   0x080001ac   0x00000000   Code   RO         6877  * .ARM.Collect$$$$00000000  mc_w.l(entry.o)
    0x080001ac   0x080001ac   0x00000004   Code   RO         7246    .ARM.Collect$$$$00000001  mc_w.l(entry2.o)
    0x080001b0   0x080001b0   0x00000004   Code   RO         7249    .ARM.Collect$$$$00000004  mc_w.l(entry5.o)
    0x080001b4   0x080001b4   0x00000000   Code   RO         7251    .ARM.Collect$$$$00000008  mc_w.l(entry7b.o)
    0x080001b4   0x080001b4   0x00000000   Code   RO         7253    .ARM.Collect$$$$0000000A  mc_w.l(entry8b.o)
    0x080001b4   0x080001b4   0x00000008   Code   RO         7254    .ARM.Collect$$$$0000000B  mc_w.l(entry9a.o)
    0x080001bc   0x080001bc   0x00000000   Code   RO         7256    .ARM.Collect$$$$0000000D  mc_w.l(entry10a.o)
    0x080001bc   0x080001bc   0x00000000   Code   RO         7258    .ARM.Collect$$$$0000000F  mc_w.l(entry11a.o)
    0x080001bc   0x080001bc   0x00000004   Code   RO         7247    .ARM.Collect$$$$00002712  mc_w.l(entry2.o)
    0x080001c0   0x080001c0   0x000000be   Code   RO         4917    .emb_text           port.o
    0x0800027e   0x0800027e   0x00000002   PAD
    0x08000280   0x08000280   0x00000024   Code   RO            4    .text               startup_stm32f429xx.o
    0x080002a4   0x080002a4   0x00000062   Code   RO         6880    .text               mc_w.l(uldiv.o)
    0x08000306   0x08000306   0x00000024   Code   RO         6882    .text               mc_w.l(memcpya.o)
    0x0800032a   0x0800032a   0x00000024   Code   RO         6886    .text               mc_w.l(memseta.o)
    0x0800034e   0x0800034e   0x0000014e   Code   RO         7183    .text               mf_w.l(dadd.o)
    0x0800049c   0x0800049c   0x000000e4   Code   RO         7185    .text               mf_w.l(dmul.o)
    0x08000580   0x08000580   0x000000de   Code   RO         7187    .text               mf_w.l(ddiv.o)
    0x0800065e   0x0800065e   0x00000022   Code   RO         7189    .text               mf_w.l(dflti.o)
    0x08000680   0x08000680   0x0000001a   Code   RO         7191    .text               mf_w.l(dfltui.o)
    0x0800069a   0x0800069a   0x0000003e   Code   RO         7193    .text               mf_w.l(dfixi.o)
    0x080006d8   0x080006d8   0x00000026   Code   RO         7197    .text               mf_w.l(f2d.o)
    0x080006fe   0x080006fe   0x00000038   Code   RO         7199    .text               mf_w.l(d2f.o)
    0x08000736   0x08000736   0x0000002c   Code   RO         7261    .text               mc_w.l(uidiv.o)
    0x08000762   0x08000762   0x0000001e   Code   RO         7263    .text               mc_w.l(llshl.o)
    0x08000780   0x08000780   0x00000020   Code   RO         7265    .text               mc_w.l(llushr.o)
    0x080007a0   0x080007a0   0x00000024   Code   RO         7267    .text               mc_w.l(llsshr.o)
    0x080007c4   0x080007c4   0x00000000   Code   RO         7278    .text               mc_w.l(iusefp.o)
    0x080007c4   0x080007c4   0x0000006e   Code   RO         7279    .text               mf_w.l(fepilogue.o)
    0x08000832   0x08000832   0x000000ba   Code   RO         7281    .text               mf_w.l(depilogue.o)
    0x080008ec   0x080008ec   0x0000002e   Code   RO         7285    .text               mf_w.l(dscalb.o)
    0x0800091a   0x0800091a   0x000000a2   Code   RO         7287    .text               mf_w.l(dsqrt.o)
    0x080009bc   0x080009bc   0x00000030   Code   RO         7289    .text               mf_w.l(dfixul.o)
    0x080009ec   0x080009ec   0x00000030   Code   RO         7293    .text               mf_w.l(cdrcmple.o)
    0x08000a1c   0x08000a1c   0x00000024   Code   RO         7295    .text               mc_w.l(init.o)
    0x08000a40   0x08000a40   0x0000003a   Code   RO         7305    .text               mc_w.l(__dczerorl.o)
    0x08000a7a   0x08000a7a   0x00000002   PAD
    0x08000a7c   0x08000a7c   0x000000f8   Code   RO         5082    i.AllocateUsartxSpace  bsp_usart.o
    0x08000b74   0x08000b74   0x00000004   Code   RO          396    i.BusFault_Handler  stm32f4xx_it.o
    0x08000b78   0x08000b78   0x00000010   Code   RO          397    i.CAN1_RX0_IRQHandler  stm32f4xx_it.o
    0x08000b88   0x08000b88   0x00000010   Code   RO          398    i.CAN2_RX0_IRQHandler  stm32f4xx_it.o
    0x08000b98   0x08000b98   0x0000003c   Code   RO         6521    i.ConfirmTheLaunch  gimbalse.o
    0x08000bd4   0x08000bd4   0x0000006a   Code   RO         5608    i.DJIDbusInit       dji_dbus.o
    0x08000c3e   0x08000c3e   0x00000002   PAD
    0x08000c40   0x08000c40   0x00000010   Code   RO          399    i.DMA1_Stream1_IRQHandler  stm32f4xx_it.o
    0x08000c50   0x08000c50   0x00000010   Code   RO          400    i.DMA1_Stream3_IRQHandler  stm32f4xx_it.o
    0x08000c60   0x08000c60   0x00000010   Code   RO          401    i.DMA1_Stream5_IRQHandler  stm32f4xx_it.o
    0x08000c70   0x08000c70   0x00000010   Code   RO          402    i.DMA1_Stream6_IRQHandler  stm32f4xx_it.o
    0x08000c80   0x08000c80   0x00000010   Code   RO          403    i.DMA2_Stream2_IRQHandler  stm32f4xx_it.o
    0x08000c90   0x08000c90   0x00000034   Code   RO         2751    i.DMA_CalcBaseAndBitshift  stm32f4xx_hal_dma.o
    0x08000cc4   0x08000cc4   0x000000aa   Code   RO         2752    i.DMA_CheckFifoParam  stm32f4xx_hal_dma.o
    0x08000d6e   0x08000d6e   0x0000002c   Code   RO         2753    i.DMA_SetConfig     stm32f4xx_hal_dma.o
    0x08000d9a   0x08000d9a   0x000000e6   Code   RO         6344    i.DXL1_setSyncTarAng  servo.o
    0x08000e80   0x08000e80   0x00000002   Code   RO          404    i.DebugMon_Handler  stm32f4xx_it.o
    0x08000e82   0x08000e82   0x0000000a   Code   RO          405    i.EXTI9_5_IRQHandler  stm32f4xx_it.o
    0x08000e8c   0x08000e8c   0x00000002   Code   RO           13    i.Error_Handler     main.o
    0x08000e8e   0x08000e8e   0x00000002   PAD
    0x08000e90   0x08000e90   0x00000018   Code   RO         6188    i.Fps               fps.o
    0x08000ea8   0x08000ea8   0x0000003c   Code   RO         6189    i.FpsCallback       fps.o
    0x08000ee4   0x08000ee4   0x00000030   Code   RO         6190    i.FpsUserTimeInit   fps.o
    0x08000f14   0x08000f14   0x00000030   Code   RO         6523    i.GetAngle          gimbalse.o
    0x08000f44   0x08000f44   0x00000034   Code   RO         5002    i.GetCanAddr        bsp_can.o
    0x08000f78   0x08000f78   0x0000001a   Code   RO         6524    i.GetDistance       gimbalse.o
    0x08000f92   0x08000f92   0x00000002   PAD
    0x08000f94   0x08000f94   0x00000008   Code   RO         6450    i.GetRcStructAddr   parse.o
    0x08000f9c   0x08000f9c   0x0000008c   Code   RO         5083    i.GetUsartAddr      bsp_usart.o
    0x08001028   0x08001028   0x000006a4   Code   RO         6525    i.GimbalControl     gimbalse.o
    0x080016cc   0x080016cc   0x00000030   Code   RO         6526    i.GimbalInitl       gimbalse.o
    0x080016fc   0x080016fc   0x00000002   Code   RO          692    i.HAL_CAN_ErrorCallback  stm32f4xx_hal_can.o
    0x080016fe   0x080016fe   0x0000017c   Code   RO          695    i.HAL_CAN_GetRxMessage  stm32f4xx_hal_can.o
    0x0800187a   0x0800187a   0x0000024e   Code   RO          699    i.HAL_CAN_IRQHandler  stm32f4xx_hal_can.o
    0x08001ac8   0x08001ac8   0x00000174   Code   RO          700    i.HAL_CAN_Init      stm32f4xx_hal_can.o
    0x08001c3c   0x08001c3c   0x00000164   Code   RO          555    i.HAL_CAN_MspInit   stm32f4xx_hal_msp.o
    0x08001da0   0x08001da0   0x00000002   Code   RO          707    i.HAL_CAN_RxFifo0FullCallback  stm32f4xx_hal_can.o
    0x08001da2   0x08001da2   0x00000002   PAD
    0x08001da4   0x08001da4   0x0000004c   Code   RO         5003    i.HAL_CAN_RxFifo0MsgPendingCallback  bsp_can.o
    0x08001df0   0x08001df0   0x00000002   Code   RO          709    i.HAL_CAN_RxFifo1FullCallback  stm32f4xx_hal_can.o
    0x08001df2   0x08001df2   0x00000002   Code   RO          710    i.HAL_CAN_RxFifo1MsgPendingCallback  stm32f4xx_hal_can.o
    0x08001df4   0x08001df4   0x00000002   Code   RO          711    i.HAL_CAN_SleepCallback  stm32f4xx_hal_can.o
    0x08001df6   0x08001df6   0x00000002   Code   RO          714    i.HAL_CAN_TxMailbox0AbortCallback  stm32f4xx_hal_can.o
    0x08001df8   0x08001df8   0x00000002   Code   RO          715    i.HAL_CAN_TxMailbox0CompleteCallback  stm32f4xx_hal_can.o
    0x08001dfa   0x08001dfa   0x00000002   Code   RO          716    i.HAL_CAN_TxMailbox1AbortCallback  stm32f4xx_hal_can.o
    0x08001dfc   0x08001dfc   0x00000002   Code   RO          717    i.HAL_CAN_TxMailbox1CompleteCallback  stm32f4xx_hal_can.o
    0x08001dfe   0x08001dfe   0x00000002   Code   RO          718    i.HAL_CAN_TxMailbox2AbortCallback  stm32f4xx_hal_can.o
    0x08001e00   0x08001e00   0x00000002   Code   RO          719    i.HAL_CAN_TxMailbox2CompleteCallback  stm32f4xx_hal_can.o
    0x08001e02   0x08001e02   0x00000002   Code   RO          721    i.HAL_CAN_WakeUpFromRxMsgCallback  stm32f4xx_hal_can.o
    0x08001e04   0x08001e04   0x000000aa   Code   RO         2754    i.HAL_DMA_Abort     stm32f4xx_hal_dma.o
    0x08001eae   0x08001eae   0x00000028   Code   RO         2755    i.HAL_DMA_Abort_IT  stm32f4xx_hal_dma.o
    0x08001ed6   0x08001ed6   0x00000002   PAD
    0x08001ed8   0x08001ed8   0x00000240   Code   RO         2759    i.HAL_DMA_IRQHandler  stm32f4xx_hal_dma.o
    0x08002118   0x08002118   0x000000ec   Code   RO         2760    i.HAL_DMA_Init      stm32f4xx_hal_dma.o
    0x08002204   0x08002204   0x0000009e   Code   RO         2764    i.HAL_DMA_Start_IT  stm32f4xx_hal_dma.o
    0x080022a2   0x080022a2   0x00000002   PAD
    0x080022a4   0x080022a4   0x00000048   Code   RO         5653    i.HAL_GPIO_EXTI_Callback  enconder.o
    0x080022ec   0x080022ec   0x0000001c   Code   RO         2646    i.HAL_GPIO_EXTI_IRQHandler  stm32f4xx_hal_gpio.o
    0x08002308   0x08002308   0x0000021c   Code   RO         2647    i.HAL_GPIO_Init     stm32f4xx_hal_gpio.o
    0x08002524   0x08002524   0x0000000c   Code   RO         2651    i.HAL_GPIO_WritePin  stm32f4xx_hal_gpio.o
    0x08002530   0x08002530   0x0000000c   Code   RO         3204    i.HAL_GetTick       stm32f4xx_hal.o
    0x0800253c   0x0800253c   0x00000018   Code   RO         3210    i.HAL_IncTick       stm32f4xx_hal.o
    0x08002554   0x08002554   0x0000003c   Code   RO         3211    i.HAL_Init          stm32f4xx_hal.o
    0x08002590   0x08002590   0x0000008c   Code   RO          647    i.HAL_InitTick      stm32f4xx_hal_timebase_tim.o
    0x0800261c   0x0800261c   0x00000054   Code   RO          556    i.HAL_MspInit       stm32f4xx_hal_msp.o
    0x08002670   0x08002670   0x00000020   Code   RO         3054    i.HAL_NVIC_EnableIRQ  stm32f4xx_hal_cortex.o
    0x08002690   0x08002690   0x0000007c   Code   RO         3060    i.HAL_NVIC_SetPriority  stm32f4xx_hal_cortex.o
    0x0800270c   0x0800270c   0x00000028   Code   RO         3061    i.HAL_NVIC_SetPriorityGrouping  stm32f4xx_hal_cortex.o
    0x08002734   0x08002734   0x0000008c   Code   RO         2983    i.HAL_PWREx_EnableOverDrive  stm32f4xx_hal_pwr_ex.o
    0x080027c0   0x080027c0   0x00000180   Code   RO         2191    i.HAL_RCC_ClockConfig  stm32f4xx_hal_rcc.o
    0x08002940   0x08002940   0x00000044   Code   RO         2195    i.HAL_RCC_GetClockConfig  stm32f4xx_hal_rcc.o
    0x08002984   0x08002984   0x0000000c   Code   RO         2196    i.HAL_RCC_GetHCLKFreq  stm32f4xx_hal_rcc.o
    0x08002990   0x08002990   0x00000020   Code   RO         2198    i.HAL_RCC_GetPCLK1Freq  stm32f4xx_hal_rcc.o
    0x080029b0   0x080029b0   0x00000020   Code   RO         2199    i.HAL_RCC_GetPCLK2Freq  stm32f4xx_hal_rcc.o
    0x080029d0   0x080029d0   0x000000b0   Code   RO         2200    i.HAL_RCC_GetSysClockFreq  stm32f4xx_hal_rcc.o
    0x08002a80   0x08002a80   0x00000448   Code   RO         2203    i.HAL_RCC_OscConfig  stm32f4xx_hal_rcc.o
    0x08002ec8   0x08002ec8   0x00000002   Code   RO         1608    i.HAL_TIMEx_BreakCallback  stm32f4xx_hal_tim_ex.o
    0x08002eca   0x08002eca   0x00000002   Code   RO         1609    i.HAL_TIMEx_CommutCallback  stm32f4xx_hal_tim_ex.o
    0x08002ecc   0x08002ecc   0x00000074   Code   RO         1611    i.HAL_TIMEx_ConfigBreakDeadTime  stm32f4xx_hal_tim_ex.o
    0x08002f40   0x08002f40   0x00000054   Code   RO         1626    i.HAL_TIMEx_MasterConfigSynchronization  stm32f4xx_hal_tim_ex.o
    0x08002f94   0x08002f94   0x00000034   Code   RO          922    i.HAL_TIM_Base_Init  stm32f4xx_hal_tim.o
    0x08002fc8   0x08002fc8   0x000000fc   Code   RO          558    i.HAL_TIM_Base_MspInit  stm32f4xx_hal_msp.o
    0x080030c4   0x080030c4   0x0000002a   Code   RO          927    i.HAL_TIM_Base_Start_IT  stm32f4xx_hal_tim.o
    0x080030ee   0x080030ee   0x00000108   Code   RO          931    i.HAL_TIM_ConfigClockSource  stm32f4xx_hal_tim.o
    0x080031f6   0x080031f6   0x000000ae   Code   RO          940    i.HAL_TIM_Encoder_Init  stm32f4xx_hal_tim.o
    0x080032a4   0x080032a4   0x00000088   Code   RO          560    i.HAL_TIM_Encoder_MspInit  stm32f4xx_hal_msp.o
    0x0800332c   0x0800332c   0x00000280   Code   RO         6058    i.HAL_TIM_IC_CaptureCallback  ultrasonic.o
    0x080035ac   0x080035ac   0x000000e0   Code   RO          953    i.HAL_TIM_IC_ConfigChannel  stm32f4xx_hal_tim.o
    0x0800368c   0x0800368c   0x00000034   Code   RO          956    i.HAL_TIM_IC_Init   stm32f4xx_hal_tim.o
    0x080036c0   0x080036c0   0x00000002   Code   RO          958    i.HAL_TIM_IC_MspInit  stm32f4xx_hal_tim.o
    0x080036c2   0x080036c2   0x00000078   Code   RO          961    i.HAL_TIM_IC_Start_IT  stm32f4xx_hal_tim.o
    0x0800373a   0x0800373a   0x00000196   Code   RO          965    i.HAL_TIM_IRQHandler  stm32f4xx_hal_tim.o
    0x080038d0   0x080038d0   0x000000b0   Code   RO          561    i.HAL_TIM_MspPostInit  stm32f4xx_hal_msp.o
    0x08003980   0x08003980   0x00000002   Code   RO          968    i.HAL_TIM_OC_DelayElapsedCallback  stm32f4xx_hal_tim.o
    0x08003982   0x08003982   0x00000108   Code   RO          989    i.HAL_TIM_PWM_ConfigChannel  stm32f4xx_hal_tim.o
    0x08003a8a   0x08003a8a   0x00000034   Code   RO          992    i.HAL_TIM_PWM_Init  stm32f4xx_hal_tim.o
    0x08003abe   0x08003abe   0x00000002   PAD
    0x08003ac0   0x08003ac0   0x00000034   Code   RO          563    i.HAL_TIM_PWM_MspInit  stm32f4xx_hal_msp.o
    0x08003af4   0x08003af4   0x00000002   Code   RO          995    i.HAL_TIM_PWM_PulseFinishedCallback  stm32f4xx_hal_tim.o
    0x08003af6   0x08003af6   0x00000002   PAD
    0x08003af8   0x08003af8   0x00000018   Code   RO           14    i.HAL_TIM_PeriodElapsedCallback  main.o
    0x08003b10   0x08003b10   0x00000032   Code   RO         1005    i.HAL_TIM_ReadCapturedValue  stm32f4xx_hal_tim.o
    0x08003b42   0x08003b42   0x00000002   Code   RO         1008    i.HAL_TIM_TriggerCallback  stm32f4xx_hal_tim.o
    0x08003b44   0x08003b44   0x00000066   Code   RO         1878    i.HAL_UART_DMAStop  stm32f4xx_hal_uart.o
    0x08003baa   0x08003baa   0x00000002   Code   RO         1880    i.HAL_UART_ErrorCallback  stm32f4xx_hal_uart.o
    0x08003bac   0x08003bac   0x0000014c   Code   RO         1883    i.HAL_UART_IRQHandler  stm32f4xx_hal_uart.o
    0x08003cf8   0x08003cf8   0x00000072   Code   RO         1884    i.HAL_UART_Init     stm32f4xx_hal_uart.o
    0x08003d6a   0x08003d6a   0x00000002   PAD
    0x08003d6c   0x08003d6c   0x000003e0   Code   RO          565    i.HAL_UART_MspInit  stm32f4xx_hal_msp.o
    0x0800414c   0x0800414c   0x000000c4   Code   RO         1888    i.HAL_UART_Receive_DMA  stm32f4xx_hal_uart.o
    0x08004210   0x08004210   0x00000002   Code   RO         1890    i.HAL_UART_RxCpltCallback  stm32f4xx_hal_uart.o
    0x08004212   0x08004212   0x00000002   Code   RO         1891    i.HAL_UART_RxHalfCpltCallback  stm32f4xx_hal_uart.o
    0x08004214   0x08004214   0x000000d6   Code   RO         1892    i.HAL_UART_Transmit  stm32f4xx_hal_uart.o
    0x080042ea   0x080042ea   0x00000002   Code   RO         1895    i.HAL_UART_TxCpltCallback  stm32f4xx_hal_uart.o
    0x080042ec   0x080042ec   0x00000004   Code   RO          406    i.HardFault_Handler  stm32f4xx_it.o
    0x080042f0   0x080042f0   0x00000054   Code   RO         5145    i.HmiUsartInit      hmi_usart.o
    0x08004344   0x08004344   0x0000028c   Code   RO         5146    i.HmiUsartParseData  hmi_usart.o
    0x080045d0   0x080045d0   0x00000064   Code   RO         6530    i.Loading           gimbalse.o
    0x08004634   0x08004634   0x00000044   Code   RO           15    i.MX_CAN1_Init      main.o
    0x08004678   0x08004678   0x00000044   Code   RO           16    i.MX_CAN2_Init      main.o
    0x080046bc   0x080046bc   0x00000098   Code   RO           17    i.MX_DMA_Init       main.o
    0x08004754   0x08004754   0x00000002   Code   RO           18    i.MX_GFXSIMULATOR_Init  main.o
    0x08004756   0x08004756   0x00000002   PAD
    0x08004758   0x08004758   0x00000190   Code   RO           19    i.MX_GPIO_Init      main.o
    0x080048e8   0x080048e8   0x0000008c   Code   RO           20    i.MX_TIM12_Init     main.o
    0x08004974   0x08004974   0x000000b0   Code   RO           21    i.MX_TIM1_Init      main.o
    0x08004a24   0x08004a24   0x000000b0   Code   RO           22    i.MX_TIM2_Init      main.o
    0x08004ad4   0x08004ad4   0x0000007c   Code   RO           23    i.MX_TIM3_Init      main.o
    0x08004b50   0x08004b50   0x0000004c   Code   RO           24    i.MX_TIM7_Init      main.o
    0x08004b9c   0x08004b9c   0x00000038   Code   RO           25    i.MX_UART7_Init     main.o
    0x08004bd4   0x08004bd4   0x00000038   Code   RO           26    i.MX_UART8_Init     main.o
    0x08004c0c   0x08004c0c   0x0000003c   Code   RO           27    i.MX_USART1_UART_Init  main.o
    0x08004c48   0x08004c48   0x00000038   Code   RO           28    i.MX_USART2_UART_Init  main.o
    0x08004c80   0x08004c80   0x00000038   Code   RO           29    i.MX_USART3_UART_Init  main.o
    0x08004cb8   0x08004cb8   0x00000004   Code   RO          407    i.MemManage_Handler  stm32f4xx_it.o
    0x08004cbc   0x08004cbc   0x00000002   Code   RO          408    i.NMI_Handler       stm32f4xx_it.o
    0x08004cbe   0x08004cbe   0x0000007a   Code   RO         5084    i.NoLenRXforUsart   bsp_usart.o
    0x08004d38   0x08004d38   0x00000012   Code   RO         6531    i.OpenmvToAngle     gimbalse.o
    0x08004d4a   0x08004d4a   0x00000002   PAD
    0x08004d4c   0x08004d4c   0x00000018   Code   RO         6451    i.ParseData         parse.o
    0x08004d64   0x08004d64   0x00000034   Code   RO         6452    i.ParseInit         parse.o
    0x08004d98   0x08004d98   0x00000054   Code   RO         6016    i.PcDataRxInit      pc_data.o
    0x08004dec   0x08004dec   0x000000f8   Code   RO         6017    i.Pc_ParseData      pc_data.o
    0x08004ee4   0x08004ee4   0x00000044   Code   RO         5831    i.ProgressBarLed    leds_tip.o
    0x08004f28   0x08004f28   0x0000002c   Code   RO         6191    i.SetFpsAddress     fps.o
    0x08004f54   0x08004f54   0x00000208   Code   RO         6534    i.SetReal           gimbalse.o
    0x0800515c   0x0800515c   0x0000000a   Code   RO           30    i.StartDefaultTask  main.o
    0x08005166   0x08005166   0x0000001c   Code   RO         6706    i.StartGimbalTask   sys_task.o
    0x08005182   0x08005182   0x00000012   Code   RO         6707    i.StartParseTask    sys_task.o
    0x08005194   0x08005194   0x0000007c   Code   RO         6708    i.StartSysInitTask  sys_task.o
    0x08005210   0x08005210   0x00000008   Code   RO         6774    i.SysInit           user.o
    0x08005218   0x08005218   0x0000002c   Code   RO         6709    i.SysInitCreate     sys_task.o
    0x08005244   0x08005244   0x00000034   Code   RO         4918    i.SysTick_Handler   port.o
    0x08005278   0x08005278   0x000000bc   Code   RO           31    i.SystemClock_Config  main.o
    0x08005334   0x08005334   0x00000064   Code   RO         3457    i.SystemInit        system_stm32f4xx.o
    0x08005398   0x08005398   0x00000010   Code   RO          409    i.TIM2_IRQHandler   stm32f4xx_it.o
    0x080053a8   0x080053a8   0x00000010   Code   RO          410    i.TIM6_DAC_IRQHandler  stm32f4xx_it.o
    0x080053b8   0x080053b8   0x00000010   Code   RO          411    i.TIM7_IRQHandler   stm32f4xx_it.o
    0x080053c8   0x080053c8   0x000000d8   Code   RO         1010    i.TIM_Base_SetConfig  stm32f4xx_hal_tim.o
    0x080054a0   0x080054a0   0x00000022   Code   RO         1011    i.TIM_CCxChannelCmd  stm32f4xx_hal_tim.o
    0x080054c2   0x080054c2   0x00000016   Code   RO         1021    i.TIM_ETR_SetConfig  stm32f4xx_hal_tim.o
    0x080054d8   0x080054d8   0x00000012   Code   RO         1022    i.TIM_ITRx_SetConfig  stm32f4xx_hal_tim.o
    0x080054ea   0x080054ea   0x00000002   PAD
    0x080054ec   0x080054ec   0x00000070   Code   RO         1023    i.TIM_OC1_SetConfig  stm32f4xx_hal_tim.o
    0x0800555c   0x0800555c   0x0000007c   Code   RO         1024    i.TIM_OC2_SetConfig  stm32f4xx_hal_tim.o
    0x080055d8   0x080055d8   0x00000078   Code   RO         1025    i.TIM_OC3_SetConfig  stm32f4xx_hal_tim.o
    0x08005650   0x08005650   0x00000054   Code   RO         1026    i.TIM_OC4_SetConfig  stm32f4xx_hal_tim.o
    0x080056a4   0x080056a4   0x00000026   Code   RO         1028    i.TIM_TI1_ConfigInputStage  stm32f4xx_hal_tim.o
    0x080056ca   0x080056ca   0x00000002   PAD
    0x080056cc   0x080056cc   0x00000090   Code   RO         1029    i.TIM_TI1_SetConfig  stm32f4xx_hal_tim.o
    0x0800575c   0x0800575c   0x00000028   Code   RO         1030    i.TIM_TI2_ConfigInputStage  stm32f4xx_hal_tim.o
    0x08005784   0x08005784   0x0000003a   Code   RO         1031    i.TIM_TI2_SetConfig  stm32f4xx_hal_tim.o
    0x080057be   0x080057be   0x00000038   Code   RO         1032    i.TIM_TI3_SetConfig  stm32f4xx_hal_tim.o
    0x080057f6   0x080057f6   0x0000003c   Code   RO         1033    i.TIM_TI4_SetConfig  stm32f4xx_hal_tim.o
    0x08005832   0x08005832   0x00000002   PAD
    0x08005834   0x08005834   0x00000010   Code   RO          412    i.UART7_IRQHandler  stm32f4xx_it.o
    0x08005844   0x08005844   0x00000010   Code   RO          413    i.UART8_IRQHandler  stm32f4xx_it.o
    0x08005854   0x08005854   0x00000014   Code   RO         1897    i.UART_DMAAbortOnError  stm32f4xx_hal_uart.o
    0x08005868   0x08005868   0x00000050   Code   RO         1898    i.UART_DMAError     stm32f4xx_hal_uart.o
    0x080058b8   0x080058b8   0x00000046   Code   RO         1899    i.UART_DMAReceiveCplt  stm32f4xx_hal_uart.o
    0x080058fe   0x080058fe   0x0000000e   Code   RO         1901    i.UART_DMARxHalfCplt  stm32f4xx_hal_uart.o
    0x0800590c   0x0800590c   0x00000020   Code   RO         1907    i.UART_EndRxTransfer  stm32f4xx_hal_uart.o
    0x0800592c   0x0800592c   0x00000020   Code   RO         1908    i.UART_EndTransmit_IT  stm32f4xx_hal_uart.o
    0x0800594c   0x0800594c   0x00000014   Code   RO         1909    i.UART_EndTxTransfer  stm32f4xx_hal_uart.o
    0x08005960   0x08005960   0x000000a6   Code   RO         1910    i.UART_Receive_IT   stm32f4xx_hal_uart.o
    0x08005a06   0x08005a06   0x00000002   PAD
    0x08005a08   0x08005a08   0x00000368   Code   RO         1911    i.UART_SetConfig    stm32f4xx_hal_uart.o
    0x08005d70   0x08005d70   0x00000068   Code   RO         1912    i.UART_Transmit_IT  stm32f4xx_hal_uart.o
    0x08005dd8   0x08005dd8   0x0000006c   Code   RO         1913    i.UART_WaitOnFlagUntilTimeout  stm32f4xx_hal_uart.o
    0x08005e44   0x08005e44   0x00000010   Code   RO          414    i.USART1_IRQHandler  stm32f4xx_it.o
    0x08005e54   0x08005e54   0x00000010   Code   RO          415    i.USART2_IRQHandler  stm32f4xx_it.o
    0x08005e64   0x08005e64   0x00000010   Code   RO          416    i.USART3_IRQHandler  stm32f4xx_it.o
    0x08005e74   0x08005e74   0x00000004   Code   RO          417    i.UsageFault_Handler  stm32f4xx_it.o
    0x08005e78   0x08005e78   0x0000006c   Code   RO         5085    i.UsartAndDMAInit   bsp_usart.o
    0x08005ee4   0x08005ee4   0x00000020   Code   RO         5086    i.UsartQueueCreate  bsp_usart.o
    0x08005f04   0x08005f04   0x0000000c   Code   RO         5087    i.UserUsartCallback  bsp_usart.o
    0x08005f10   0x08005f10   0x00000028   Code   RO         5088    i.UserUsartQueueRX  bsp_usart.o
    0x08005f38   0x08005f38   0x00000020   Code   RO         7127    i.__0printf         mc_w.l(printfa.o)
    0x08005f58   0x08005f58   0x00000030   Code   RO         7224    i.__ARM_fpclassify  m_wm.l(fpclassify.o)
    0x08005f88   0x08005f88   0x00000010   Code   RO         3067    i.__NVIC_GetPriorityGrouping  stm32f4xx_hal_cortex.o
    0x08005f98   0x08005f98   0x00000028   Code   RO         3068    i.__NVIC_SetPriority  stm32f4xx_hal_cortex.o
    0x08005fc0   0x08005fc0   0x00000c50   Code   RO         6827    i.__hardfp_pow      m_wm.l(pow.o)
    0x08006c10   0x08006c10   0x000000f8   Code   RO         7226    i.__kernel_poly     m_wm.l(poly.o)
    0x08006d08   0x08006d08   0x00000030   Code   RO         7204    i.__mathlib_dbl_divzero  m_wm.l(dunder.o)
    0x08006d38   0x08006d38   0x00000014   Code   RO         7206    i.__mathlib_dbl_infnan2  m_wm.l(dunder.o)
    0x08006d4c   0x08006d4c   0x00000004   PAD
    0x08006d50   0x08006d50   0x00000020   Code   RO         7207    i.__mathlib_dbl_invalid  m_wm.l(dunder.o)
    0x08006d70   0x08006d70   0x00000020   Code   RO         7208    i.__mathlib_dbl_overflow  m_wm.l(dunder.o)
    0x08006d90   0x08006d90   0x00000020   Code   RO         7210    i.__mathlib_dbl_underflow  m_wm.l(dunder.o)
    0x08006db0   0x08006db0   0x0000000e   Code   RO         7299    i.__scatterload_copy  mc_w.l(handlers.o)
    0x08006dbe   0x08006dbe   0x00000002   Code   RO         7300    i.__scatterload_null  mc_w.l(handlers.o)
    0x08006dc0   0x08006dc0   0x0000000e   Code   RO         7301    i.__scatterload_zeroinit  mc_w.l(handlers.o)
    0x08006dce   0x08006dce   0x00000002   PAD
    0x08006dd0   0x08006dd0   0x0000000c   Code   RO         7273    i.__set_errno       mc_w.l(errno.o)
    0x08006ddc   0x08006ddc   0x00000184   Code   RO         7134    i._fp_digits        mc_w.l(printfa.o)
    0x08006f60   0x08006f60   0x000006dc   Code   RO         7135    i._printf_core      mc_w.l(printfa.o)
    0x0800763c   0x0800763c   0x00000024   Code   RO         7136    i._printf_post_padding  mc_w.l(printfa.o)
    0x08007660   0x08007660   0x0000002e   Code   RO         7137    i._printf_pre_padding  mc_w.l(printfa.o)
    0x0800768e   0x0800768e   0x00000002   Code   RO         6453    i.can2_rx           parse.o
    0x08007690   0x08007690   0x00000002   Code   RO         6454    i.can_rx            parse.o
    0x08007692   0x08007692   0x00000002   PAD
    0x08007694   0x08007694   0x0000000c   Code   RO         6654    i.configureTimerForRunTimeStats  debug_by_keil.o
    0x080076a0   0x080076a0   0x00000018   Code   RO         7220    i.fabs              m_wm.l(fabs.o)
    0x080076b8   0x080076b8   0x00000018   Code   RO         6104    i.fputc             usart_debug.o
    0x080076d0   0x080076d0   0x00000050   Code   RO         7155    i.free              mc_w.l(malloc.o)
    0x08007720   0x08007720   0x0000000c   Code   RO         6655    i.getRunTimeCounterValue  debug_by_keil.o
    0x0800772c   0x0800772c   0x00000010   Code   RO         4499    i.inHandlerMode     cmsis_os.o
    0x0800773c   0x0800773c   0x00000070   Code   RO           32    i.main              main.o
    0x080077ac   0x080077ac   0x0000000e   Code   RO         4501    i.makeFreeRtosPriority  cmsis_os.o
    0x080077ba   0x080077ba   0x00000002   PAD
    0x080077bc   0x080077bc   0x0000006c   Code   RO         7156    i.malloc            mc_w.l(malloc.o)
    0x08007828   0x08007828   0x00000018   Code   RO         4503    i.osDelay           cmsis_os.o
    0x08007840   0x08007840   0x0000000a   Code   RO         4506    i.osKernelStart     cmsis_os.o
    0x0800784a   0x0800784a   0x00000030   Code   RO         4540    i.osThreadCreate    cmsis_os.o
    0x0800787a   0x0800787a   0x00000002   PAD
    0x0800787c   0x0800787c   0x00000028   Code   RO         4551    i.osTimerCreate     cmsis_os.o
    0x080078a4   0x080078a4   0x00000068   Code   RO         4553    i.osTimerStart      cmsis_os.o
    0x0800790c   0x0800790c   0x00000098   Code   RO         3990    i.prvAddCurrentTaskToDelayedList  tasks.o
    0x080079a4   0x080079a4   0x000000b8   Code   RO         3991    i.prvAddNewTaskToReadyList  tasks.o
    0x08007a5c   0x08007a5c   0x00000064   Code   RO         4354    i.prvCheckForValidListAndQueue  timers.o
    0x08007ac0   0x08007ac0   0x00000048   Code   RO         3992    i.prvCheckTasksWaitingTermination  tasks.o
    0x08007b08   0x08007b08   0x0000002a   Code   RO         3640    i.prvCopyDataFromQueue  queue.o
    0x08007b32   0x08007b32   0x0000007c   Code   RO         3641    i.prvCopyDataToQueue  queue.o
    0x08007bae   0x08007bae   0x00000012   Code   RO         3993    i.prvDeleteTCB      tasks.o
    0x08007bc0   0x08007bc0   0x00000028   Code   RO         4355    i.prvGetNextExpireTime  timers.o
    0x08007be8   0x08007be8   0x0000007c   Code   RO         4868    i.prvHeapInit       heap_4.o
    0x08007c64   0x08007c64   0x00000028   Code   RO         3994    i.prvIdleTask       tasks.o
    0x08007c8c   0x08007c8c   0x0000002a   Code   RO         3644    i.prvInitialiseNewQueue  queue.o
    0x08007cb6   0x08007cb6   0x000000b6   Code   RO         3995    i.prvInitialiseNewTask  tasks.o
    0x08007d6c   0x08007d6c   0x0000004e   Code   RO         4356    i.prvInitialiseNewTimer  timers.o
    0x08007dba   0x08007dba   0x00000002   PAD
    0x08007dbc   0x08007dbc   0x00000068   Code   RO         3996    i.prvInitialiseTaskLists  tasks.o
    0x08007e24   0x08007e24   0x00000068   Code   RO         4869    i.prvInsertBlockIntoFreeList  heap_4.o
    0x08007e8c   0x08007e8c   0x00000058   Code   RO         4357    i.prvInsertTimerInActiveList  timers.o
    0x08007ee4   0x08007ee4   0x0000001a   Code   RO         3645    i.prvIsQueueEmpty   queue.o
    0x08007efe   0x08007efe   0x0000001e   Code   RO         3646    i.prvIsQueueFull    queue.o
    0x08007f1c   0x08007f1c   0x00000064   Code   RO         4358    i.prvProcessExpiredTimer  timers.o
    0x08007f80   0x08007f80   0x000000f4   Code   RO         4359    i.prvProcessReceivedCommands  timers.o
    0x08008074   0x08008074   0x00000074   Code   RO         4360    i.prvProcessTimerOrBlockTask  timers.o
    0x080080e8   0x080080e8   0x00000034   Code   RO         3998    i.prvResetNextTaskUnblockTime  tasks.o
    0x0800811c   0x0800811c   0x0000002c   Code   RO         4361    i.prvSampleTimeNow  timers.o
    0x08008148   0x08008148   0x000000a0   Code   RO         4362    i.prvSwitchTimerLists  timers.o
    0x080081e8   0x080081e8   0x00000040   Code   RO         4919    i.prvTaskExitError  port.o
    0x08008228   0x08008228   0x00000058   Code   RO         4000    i.prvTaskIsTaskSuspended  tasks.o
    0x08008280   0x08008280   0x0000001a   Code   RO         4363    i.prvTimerTask      timers.o
    0x0800829a   0x0800829a   0x0000007e   Code   RO         3647    i.prvUnlockQueue    queue.o
    0x08008318   0x08008318   0x0000013c   Code   RO         4870    i.pvPortMalloc      heap_4.o
    0x08008454   0x08008454   0x0000002c   Code   RO         4920    i.pxPortInitialiseStack  port.o
    0x08008480   0x08008480   0x0000006e   Code   RO         6855    i.sqrt              m_wm.l(sqrt.o)
    0x080084ee   0x080084ee   0x00000014   Code   RO         6106    i.usart2_send_char  usart_debug.o
    0x08008502   0x08008502   0x00000028   Code   RO         3600    i.uxListRemove      list.o
    0x0800852a   0x0800852a   0x0000001a   Code   RO         3601    i.vListInitialise   list.o
    0x08008544   0x08008544   0x00000006   Code   RO         3602    i.vListInitialiseItem  list.o
    0x0800854a   0x0800854a   0x00000034   Code   RO         3603    i.vListInsert       list.o
    0x0800857e   0x0800857e   0x00000018   Code   RO         3604    i.vListInsertEnd    list.o
    0x08008596   0x08008596   0x00000002   PAD
    0x08008598   0x08008598   0x00000054   Code   RO         4922    i.vPortEnterCritical  port.o
    0x080085ec   0x080085ec   0x0000003c   Code   RO         4923    i.vPortExitCritical  port.o
    0x08008628   0x08008628   0x00000094   Code   RO         4871    i.vPortFree         heap_4.o
    0x080086bc   0x080086bc   0x00000028   Code   RO         4924    i.vPortSetupTimerInterrupt  port.o
    0x080086e4   0x080086e4   0x00000078   Code   RO         4925    i.vPortValidateInterruptPriority  port.o
    0x0800875c   0x0800875c   0x0000002c   Code   RO         3653    i.vQueueAddToRegistry  queue.o
    0x08008788   0x08008788   0x0000004a   Code   RO         3657    i.vQueueWaitForMessageRestricted  queue.o
    0x080087d2   0x080087d2   0x00000002   PAD
    0x080087d4   0x080087d4   0x0000005c   Code   RO         4010    i.vTaskDelay        tasks.o
    0x08008830   0x08008830   0x000000f4   Code   RO         4011    i.vTaskDelete       tasks.o
    0x08008924   0x08008924   0x00000018   Code   RO         4015    i.vTaskInternalSetTimeOutState  tasks.o
    0x0800893c   0x0800893c   0x0000000c   Code   RO         4017    i.vTaskMissedYield  tasks.o
    0x08008948   0x08008948   0x00000038   Code   RO         4019    i.vTaskPlaceOnEventList  tasks.o
    0x08008980   0x08008980   0x00000040   Code   RO         4020    i.vTaskPlaceOnEventListRestricted  tasks.o
    0x080089c0   0x080089c0   0x00000090   Code   RO         4025    i.vTaskResume       tasks.o
    0x08008a50   0x08008a50   0x00000098   Code   RO         4028    i.vTaskStartScheduler  tasks.o
    0x08008ae8   0x08008ae8   0x000000f4   Code   RO         4029    i.vTaskSuspend      tasks.o
    0x08008bdc   0x08008bdc   0x00000010   Code   RO         4030    i.vTaskSuspendAll   tasks.o
    0x08008bec   0x08008bec   0x000000c8   Code   RO         4031    i.vTaskSwitchContext  tasks.o
    0x08008cb4   0x08008cb4   0x00000168   Code   RO         4926    i.xPortStartScheduler  port.o
    0x08008e1c   0x08008e1c   0x00000058   Code   RO         3659    i.xQueueGenericCreate  queue.o
    0x08008e74   0x08008e74   0x00000098   Code   RO         3660    i.xQueueGenericReset  queue.o
    0x08008f0c   0x08008f0c   0x000001a8   Code   RO         3661    i.xQueueGenericSend  queue.o
    0x080090b4   0x080090b4   0x000000f8   Code   RO         3662    i.xQueueGenericSendFromISR  queue.o
    0x080091ac   0x080091ac   0x00000168   Code   RO         3668    i.xQueueReceive     queue.o
    0x08009314   0x08009314   0x0000008c   Code   RO         4032    i.xTaskCheckForTimeOut  tasks.o
    0x080093a0   0x080093a0   0x00000060   Code   RO         4033    i.xTaskCreate       tasks.o
    0x08009400   0x08009400   0x00000020   Code   RO         4037    i.xTaskGetSchedulerState  tasks.o
    0x08009420   0x08009420   0x0000000c   Code   RO         4038    i.xTaskGetTickCount  tasks.o
    0x0800942c   0x0800942c   0x00000148   Code   RO         4040    i.xTaskIncrementTick  tasks.o
    0x08009574   0x08009574   0x000000c8   Code   RO         4043    i.xTaskPriorityDisinherit  tasks.o
    0x0800963c   0x0800963c   0x00000098   Code   RO         4045    i.xTaskRemoveFromEventList  tasks.o
    0x080096d4   0x080096d4   0x00000104   Code   RO         4046    i.xTaskResumeAll    tasks.o
    0x080097d8   0x080097d8   0x00000030   Code   RO         4368    i.xTimerCreate      timers.o
    0x08009808   0x08009808   0x00000054   Code   RO         4369    i.xTimerCreateTimerTask  timers.o
    0x0800985c   0x0800985c   0x00000084   Code   RO         4370    i.xTimerGenericCommand  timers.o
    0x080098e0   0x080098e0   0x00000014   Data   RO           34    .constdata          main.o
    0x080098f4   0x080098f4   0x00000008   Data   RO         2766    .constdata          stm32f4xx_hal_dma.o
    0x080098fc   0x080098fc   0x00000018   Data   RO         3458    .constdata          system_stm32f4xx.o
    0x08009914   0x08009914   0x00000004   Data   RO         6193    .constdata          fps.o
    0x08009918   0x08009918   0x0000003c   Data   RO         6710    .constdata          sys_task.o
    0x08009954   0x08009954   0x00000004   PAD
    0x08009958   0x08009958   0x00000088   Data   RO         6830    .constdata          m_wm.l(pow.o)
    0x080099e0   0x080099e0   0x00000008   Data   RO         7228    .constdata          m_wm.l(qnan.o)
    0x080099e8   0x080099e8   0x0000000c   Data   RO           35    .conststring        main.o
    0x080099f4   0x080099f4   0x00000024   Data   RO         6711    .conststring        sys_task.o
    0x08009a18   0x08009a18   0x00000020   Data   RO         7297    Region$$Table       anon$$obj.o


    Execution Region RW_IRAM1 (Exec base: 0x20000000, Load base: 0x08009a38, Size: 0x0000ce98, Max: 0x00030000, ABSOLUTE, COMPRESSED[0x00000068])

    Exec Addr    Load Addr    Size         Type   Attr      Idx    E Section Name        Object

    0x20000000   COMPRESSED   0x00000004   Data   RW           36    .data               main.o
    0x20000004   COMPRESSED   0x00000004   Data   RW          566    .data               stm32f4xx_hal_msp.o
    0x20000008   COMPRESSED   0x00000009   Data   RW         3218    .data               stm32f4xx_hal.o
    0x20000011   COMPRESSED   0x00000003   PAD
    0x20000014   COMPRESSED   0x00000004   Data   RW         3459    .data               system_stm32f4xx.o
    0x20000018   COMPRESSED   0x00000044   Data   RW         4049    .data               tasks.o
    0x2000005c   COMPRESSED   0x00000014   Data   RW         4376    .data               timers.o
    0x20000070   COMPRESSED   0x00000018   Data   RW         4876    .data               heap_4.o
    0x20000088   COMPRESSED   0x0000000c   Data   RW         4927    .data               port.o
    0x20000094   COMPRESSED   0x00000008   Data   RW         5008    .data               bsp_can.o
    0x2000009c   COMPRESSED   0x00000018   Data   RW         5089    .data               bsp_usart.o
    0x200000b4   COMPRESSED   0x00000008   Data   RW         5654    .data               enconder.o
    0x200000bc   COMPRESSED   0x00000011   Data   RW         6019    .data               pc_data.o
    0x200000cd   COMPRESSED   0x00000003   PAD
    0x200000d0   COMPRESSED   0x00000034   Data   RW         6061    .data               ultrasonic.o
    0x20000104   COMPRESSED   0x00000004   Data   RW         6194    .data               fps.o
    0x20000108   COMPRESSED   0x000000a4   Data   RW         6536    .data               gimbalse.o
    0x200001ac   COMPRESSED   0x00000010   Data   RW         6656    .data               debug_by_keil.o
    0x200001bc   COMPRESSED   0x0000000d   Data   RW         6712    .data               sys_task.o
    0x200001c9   COMPRESSED   0x00000003   PAD
    0x200001cc   COMPRESSED   0x00000004   Data   RW         7260    .data               mc_w.l(stdout.o)
    0x200001d0   COMPRESSED   0x00000004   Data   RW         7269    .data               mc_w.l(mvars.o)
    0x200001d4   COMPRESSED   0x00000004   Data   RW         7270    .data               mc_w.l(mvars.o)
    0x200001d8   COMPRESSED   0x00000004   Data   RW         7274    .data               mc_w.l(errno.o)
    0x200001dc        -       0x000004b0   Zero   RW           33    .bss                main.o
    0x2000068c        -       0x00000040   Zero   RW          650    .bss                stm32f4xx_hal_timebase_tim.o
    0x200006cc        -       0x00000040   Zero   RW         3671    .bss                queue.o
    0x2000070c        -       0x000000f0   Zero   RW         4048    .bss                tasks.o
    0x200007fc        -       0x00000028   Zero   RW         4375    .bss                timers.o
    0x20000824        -       0x0000af00   Zero   RW         4875    .bss                heap_4.o
    0x2000b724        -       0x00000010   Zero   RW         6018    .bss                pc_data.o
    0x2000b734        -       0x000000f0   Zero   RW         6192    .bss                fps.o
    0x2000b824        -       0x00000070   Zero   RW         6455    .bss                parse.o
    0x2000b894   COMPRESSED   0x00000004   PAD
    0x2000b898        -       0x00001200   Zero   RW            2    HEAP                startup_stm32f429xx.o
    0x2000ca98        -       0x00000400   Zero   RW            1    STACK               startup_stm32f429xx.o


==============================================================================

Image component sizes


      Code (inc. data)   RO Data    RW Data    ZI Data      Debug   Object Name

       128         28          0          8          0       5463   bsp_can.o
       702         98          0         24          0       5973   bsp_usart.o
       256          8          0          0          0      20110   cmsis_os.o
        24         10          0         16          0       2055   debug_by_keil.o
       106          0          0          0          0       2230   dji_dbus.o
        72         12          0          8          0        910   enconder.o
         0          0          0          0          0       9640   event_groups.o
       176         30          4          4        240       3327   fps.o
      2520        356          0        164          0       9024   gimbalse.o
       692         62          0         24      44800       4991   heap_4.o
       736         26          0          0          0       3579   hmi_usart.o
        68          0          0          0          0       1081   leds_tip.o
       148          0          0          0          0       3786   list.o
      2002        172         32          4       1200     802385   main.o
        88         32          0          0        112       3408   parse.o
       332         20          0         17         16       3013   pc_data.o
      1014         92          0         12          0      12437   port.o
      1780         20          0          0         64      14778   queue.o
       230          0          0          0          0       2165   servo.o
        36          8        428          0       5632        864   startup_stm32f429xx.o
        96         20          0          9          0       3406   stm32f4xx_hal.o
      1366          0          0          0          0      11266   stm32f4xx_hal_can.o
       252         22          0          0          0      33894   stm32f4xx_hal_cortex.o
      1446         16          8          0          0       7330   stm32f4xx_hal_dma.o
       580         58          0          0          0       3095   stm32f4xx_hal_gpio.o
      2048        156          0          4          0       6855   stm32f4xx_hal_msp.o
       140         12          0          0          0       1348   stm32f4xx_hal_pwr_ex.o
      1800         94          0          0          0       6449   stm32f4xx_hal_rcc.o
      2834        112          0          0          0      22868   stm32f4xx_hal_tim.o
       204          0          0          0          0       3433   stm32f4xx_hal_tim_ex.o
       140         18          0          0         64       1547   stm32f4xx_hal_timebase_tim.o
      2484         26          0          0          0      15019   stm32f4xx_hal_uart.o
       270         90          0          0          0      11328   stm32f4xx_it.o
       214         36         96         13          0       3270   sys_task.o
       100         18         24          4          0       1251   system_stm32f4xx.o
      3360        454          0         68        240      27373   tasks.o
      1260        114          0         20         40      20806   timers.o
       640         62          0         52          0       2207   ultrasonic.o
        44          6          0          0          0       1892   usart_debug.o
         8          0          0          0          0        510   user.o

    ----------------------------------------------------------------------
     30440       2288        628        460      52412    1096366   Object Totals
         0          0         32          0          0          0   (incl. Generated)
        44          0          4          9          4          0   (incl. Padding)

    ----------------------------------------------------------------------

      Code (inc. data)   RO Data    RW Data    ZI Data      Debug   Library Member Name

       164         44          0          0          0        620   dunder.o
        24          0          0          0          0        124   fabs.o
        48          0          0          0          0        124   fpclassify.o
       248          0          0          0          0        152   poly.o
      3152        296        136          0          0        352   pow.o
         0          0          8          0          0          0   qnan.o
       110          0          0          0          0        148   sqrt.o
        58          0          0          0          0          0   __dczerorl.o
         0          0          0          0          0          0   entry.o
         0          0          0          0          0          0   entry10a.o
         0          0          0          0          0          0   entry11a.o
         8          4          0          0          0          0   entry2.o
         4          0          0          0          0          0   entry5.o
         0          0          0          0          0          0   entry7b.o
         0          0          0          0          0          0   entry8b.o
         8          4          0          0          0          0   entry9a.o
        12          6          0          4          0         68   errno.o
        30          0          0          0          0          0   handlers.o
        36          8          0          0          0         68   init.o
         0          0          0          0          0          0   iusefp.o
        30          0          0          0          0         68   llshl.o
        36          0          0          0          0         68   llsshr.o
        32          0          0          0          0         68   llushr.o
       188         20          0          0          0        160   malloc.o
        36          0          0          0          0         68   memcpya.o
        36          0          0          0          0        108   memseta.o
         0          0          0          8          0          0   mvars.o
      2258         90          0          0          0        452   printfa.o
         0          0          0          4          0          0   stdout.o
        44          0          0          0          0         80   uidiv.o
        98          0          0          0          0         92   uldiv.o
        48          0          0          0          0         68   cdrcmple.o
        56          0          0          0          0         88   d2f.o
       334          0          0          0          0        148   dadd.o
       222          0          0          0          0        100   ddiv.o
       186          0          0          0          0        176   depilogue.o
        62          0          0          0          0         80   dfixi.o
        48          0          0          0          0         68   dfixul.o
        34          0          0          0          0         76   dflti.o
        26          0          0          0          0         76   dfltui.o
       228          0          0          0          0         96   dmul.o
        46          0          0          0          0         80   dscalb.o
       162          0          0          0          0        100   dsqrt.o
        38          0          0          0          0         68   f2d.o
       110          0          0          0          0        168   fepilogue.o

    ----------------------------------------------------------------------
      8268        472        144         16          0       4212   Library Totals
         8          0          0          0          0          0   (incl. Padding)

    ----------------------------------------------------------------------

      Code (inc. data)   RO Data    RW Data    ZI Data      Debug   Library Name

      3746        340        144          0          0       1520   m_wm.l
      2914        132          0         16          0       1300   mc_w.l
      1600          0          0          0          0       1392   mf_w.l

    ----------------------------------------------------------------------
      8268        472        144         16          0       4212   Library Totals

    ----------------------------------------------------------------------

==============================================================================


      Code (inc. data)   RO Data    RW Data    ZI Data      Debug   

     38708       2760        772        476      52412    1072358   Grand Totals
     38708       2760        772        104      52412    1072358   ELF Image Totals (compressed)
     38708       2760        772        104          0          0   ROM Totals

==============================================================================

    Total RO  Size (Code + RO Data)                39480 (  38.55kB)
    Total RW  Size (RW Data + ZI Data)             52888 (  51.65kB)
    Total ROM Size (Code + RO Data + RW Data)      39584 (  38.66kB)

==============================================================================

